/home/zhoujunjie/openresearch-envs/pycil-baseline/lib/python3.8/site-packages/torch/cuda/__init__.py:654: UserWarning: Can't initialize NVML
  warnings.warn("Can't initialize NVML")
/home/zhoujunjie/openresearch-envs/pycil-baseline/lib/python3.8/site-packages/torch/cuda/__init__.py:654: UserWarning: Can't initialize NVML
  warnings.warn("Can't initialize NVML")

  0%|          | 0/60 [00:00<?, ?it/s]
Task 0, Epoch 1/60 => Loss 3.434, Train_accy 12.08, Test_accy 17.27:   0%|          | 0/60 [00:06<?, ?it/s]
Task 0, Epoch 1/60 => Loss 3.434, Train_accy 12.08, Test_accy 17.27:   2%|▏         | 1/60 [00:06<06:26,  6.56s/it]
Task 0, Epoch 2/60 => Loss 2.882, Train_accy 22.48:   2%|▏         | 1/60 [00:12<06:26,  6.56s/it]                 
Task 0, Epoch 2/60 => Loss 2.882, Train_accy 22.48:   3%|▎         | 2/60 [00:12<06:01,  6.23s/it]
Task 0, Epoch 3/60 => Loss 2.629, Train_accy 27.79:   3%|▎         | 2/60 [00:18<06:01,  6.23s/it]
Task 0, Epoch 3/60 => Loss 2.629, Train_accy 27.79:   5%|▌         | 3/60 [00:18<05:54,  6.23s/it]
Task 0, Epoch 4/60 => Loss 2.385, Train_accy 32.82:   5%|▌         | 3/60 [00:24<05:54,  6.23s/it]
Task 0, Epoch 4/60 => Loss 2.385, Train_accy 32.82:   7%|▋         | 4/60 [00:24<05:43,  6.14s/it]
Task 0, Epoch 5/60 => Loss 2.181, Train_accy 37.92:   7%|▋         | 4/60 [00:31<05:43,  6.14s/it]
Task 0, Epoch 5/60 => Loss 2.181, Train_accy 37.92:   8%|▊         | 5/60 [00:31<05:39,  6.17s/it]
Task 0, Epoch 6/60 => Loss 2.005, Train_accy 42.81, Test_accy 37.13:   8%|▊         | 5/60 [00:37<05:39,  6.17s/it]
Task 0, Epoch 6/60 => Loss 2.005, Train_accy 42.81, Test_accy 37.13:  10%|█         | 6/60 [00:37<05:44,  6.37s/it]
Task 0, Epoch 7/60 => Loss 1.879, Train_accy 45.83:  10%|█         | 6/60 [00:43<05:44,  6.37s/it]                 
Task 0, Epoch 7/60 => Loss 1.879, Train_accy 45.83:  12%|█▏        | 7/60 [00:43<05:31,  6.26s/it]
Task 0, Epoch 8/60 => Loss 1.760, Train_accy 48.70:  12%|█▏        | 7/60 [00:49<05:31,  6.26s/it]
Task 0, Epoch 8/60 => Loss 1.760, Train_accy 48.70:  13%|█▎        | 8/60 [00:49<05:21,  6.18s/it]
Task 0, Epoch 9/60 => Loss 1.668, Train_accy 50.82:  13%|█▎        | 8/60 [00:55<05:21,  6.18s/it]
Task 0, Epoch 9/60 => Loss 1.668, Train_accy 50.82:  15%|█▌        | 9/60 [00:55<05:11,  6.11s/it]
Task 0, Epoch 10/60 => Loss 1.595, Train_accy 53.03:  15%|█▌        | 9/60 [01:02<05:11,  6.11s/it]
Task 0, Epoch 10/60 => Loss 1.595, Train_accy 53.03:  17%|█▋        | 10/60 [01:02<05:09,  6.19s/it]
Task 0, Epoch 11/60 => Loss 1.525, Train_accy 54.71, Test_accy 47.93:  17%|█▋        | 10/60 [01:08<05:09,  6.19s/it]
Task 0, Epoch 11/60 => Loss 1.525, Train_accy 54.71, Test_accy 47.93:  18%|█▊        | 11/60 [01:08<05:02,  6.18s/it]
Task 0, Epoch 12/60 => Loss 1.455, Train_accy 56.62:  18%|█▊        | 11/60 [01:14<05:02,  6.18s/it]                 
Task 0, Epoch 12/60 => Loss 1.455, Train_accy 56.62:  20%|██        | 12/60 [01:14<04:53,  6.12s/it]
Task 0, Epoch 13/60 => Loss 1.420, Train_accy 58.17:  20%|██        | 12/60 [01:20<04:53,  6.12s/it]
Task 0, Epoch 13/60 => Loss 1.420, Train_accy 58.17:  22%|██▏       | 13/60 [01:20<04:47,  6.13s/it]
Task 0, Epoch 14/60 => Loss 1.364, Train_accy 59.24:  22%|██▏       | 13/60 [01:26<04:47,  6.13s/it]
Task 0, Epoch 14/60 => Loss 1.364, Train_accy 59.24:  23%|██▎       | 14/60 [01:26<04:41,  6.12s/it]
Task 0, Epoch 15/60 => Loss 1.331, Train_accy 60.29:  23%|██▎       | 14/60 [01:32<04:41,  6.12s/it]
Task 0, Epoch 15/60 => Loss 1.331, Train_accy 60.29:  25%|██▌       | 15/60 [01:32<04:34,  6.09s/it]
Task 0, Epoch 16/60 => Loss 1.296, Train_accy 60.97, Test_accy 55.93:  25%|██▌       | 15/60 [01:39<04:34,  6.09s/it]
Task 0, Epoch 16/60 => Loss 1.296, Train_accy 60.97, Test_accy 55.93:  27%|██▋       | 16/60 [01:39<04:36,  6.29s/it]
Task 0, Epoch 17/60 => Loss 1.270, Train_accy 61.99:  27%|██▋       | 16/60 [01:45<04:36,  6.29s/it]                 
Task 0, Epoch 17/60 => Loss 1.270, Train_accy 61.99:  28%|██▊       | 17/60 [01:45<04:32,  6.33s/it]
Task 0, Epoch 18/60 => Loss 1.244, Train_accy 62.70:  28%|██▊       | 17/60 [01:51<04:32,  6.33s/it]
Task 0, Epoch 18/60 => Loss 1.244, Train_accy 62.70:  30%|███       | 18/60 [01:51<04:22,  6.24s/it]
Task 0, Epoch 19/60 => Loss 1.233, Train_accy 62.88:  30%|███       | 18/60 [01:57<04:22,  6.24s/it]
Task 0, Epoch 19/60 => Loss 1.233, Train_accy 62.88:  32%|███▏      | 19/60 [01:57<04:14,  6.20s/it]
Task 0, Epoch 20/60 => Loss 1.216, Train_accy 63.48:  32%|███▏      | 19/60 [02:03<04:14,  6.20s/it]
Task 0, Epoch 20/60 => Loss 1.216, Train_accy 63.48:  33%|███▎      | 20/60 [02:03<04:06,  6.17s/it]
Task 0, Epoch 21/60 => Loss 0.907, Train_accy 72.35, Test_accy 70.53:  33%|███▎      | 20/60 [02:10<04:06,  6.17s/it]
Task 0, Epoch 21/60 => Loss 0.907, Train_accy 72.35, Test_accy 70.53:  35%|███▌      | 21/60 [02:10<04:07,  6.33s/it]
Task 0, Epoch 22/60 => Loss 0.804, Train_accy 75.39:  35%|███▌      | 21/60 [02:16<04:07,  6.33s/it]                 
Task 0, Epoch 22/60 => Loss 0.804, Train_accy 75.39:  37%|███▋      | 22/60 [02:16<03:58,  6.27s/it]
Task 0, Epoch 23/60 => Loss 0.771, Train_accy 76.16:  37%|███▋      | 22/60 [02:22<03:58,  6.27s/it]
Task 0, Epoch 23/60 => Loss 0.771, Train_accy 76.16:  38%|███▊      | 23/60 [02:22<03:40,  5.97s/it]
Task 0, Epoch 24/60 => Loss 0.743, Train_accy 77.06:  38%|███▊      | 23/60 [02:28<03:40,  5.97s/it]
Task 0, Epoch 24/60 => Loss 0.743, Train_accy 77.06:  40%|████      | 24/60 [02:28<03:34,  5.97s/it]
Task 0, Epoch 25/60 => Loss 0.714, Train_accy 78.27:  40%|████      | 24/60 [02:34<03:34,  5.97s/it]
Task 0, Epoch 25/60 => Loss 0.714, Train_accy 78.27:  42%|████▏     | 25/60 [02:34<03:29,  5.98s/it]
Task 0, Epoch 26/60 => Loss 0.689, Train_accy 78.56, Test_accy 71.87:  42%|████▏     | 25/60 [02:40<03:29,  5.98s/it]
Task 0, Epoch 26/60 => Loss 0.689, Train_accy 78.56, Test_accy 71.87:  43%|████▎     | 26/60 [02:40<03:32,  6.25s/it]
Task 0, Epoch 27/60 => Loss 0.682, Train_accy 79.01:  43%|████▎     | 26/60 [02:47<03:32,  6.25s/it]                 
Task 0, Epoch 27/60 => Loss 0.682, Train_accy 79.01:  45%|████▌     | 27/60 [02:47<03:24,  6.20s/it]
Task 0, Epoch 28/60 => Loss 0.666, Train_accy 79.56:  45%|████▌     | 27/60 [02:53<03:24,  6.20s/it]
Task 0, Epoch 28/60 => Loss 0.666, Train_accy 79.56:  47%|████▋     | 28/60 [02:53<03:18,  6.22s/it]
Task 0, Epoch 29/60 => Loss 0.640, Train_accy 79.91:  47%|████▋     | 28/60 [02:59<03:18,  6.22s/it]
Task 0, Epoch 29/60 => Loss 0.640, Train_accy 79.91:  48%|████▊     | 29/60 [02:59<03:09,  6.10s/it]
Task 0, Epoch 30/60 => Loss 0.630, Train_accy 80.17:  48%|████▊     | 29/60 [03:05<03:09,  6.10s/it]
Task 0, Epoch 30/60 => Loss 0.630, Train_accy 80.17:  50%|█████     | 30/60 [03:05<03:01,  6.06s/it]
Task 0, Epoch 31/60 => Loss 0.618, Train_accy 80.94, Test_accy 72.07:  50%|█████     | 30/60 [03:11<03:01,  6.06s/it]
Task 0, Epoch 31/60 => Loss 0.618, Train_accy 80.94, Test_accy 72.07:  52%|█████▏    | 31/60 [03:11<02:59,  6.18s/it]
Task 0, Epoch 32/60 => Loss 0.604, Train_accy 81.00:  52%|█████▏    | 31/60 [03:17<02:59,  6.18s/it]                 
Task 0, Epoch 32/60 => Loss 0.604, Train_accy 81.00:  53%|█████▎    | 32/60 [03:17<02:52,  6.15s/it]
Task 0, Epoch 33/60 => Loss 0.592, Train_accy 81.41:  53%|█████▎    | 32/60 [03:23<02:52,  6.15s/it]
Task 0, Epoch 33/60 => Loss 0.592, Train_accy 81.41:  55%|█████▌    | 33/60 [03:23<02:46,  6.15s/it]
Task 0, Epoch 34/60 => Loss 0.580, Train_accy 81.94:  55%|█████▌    | 33/60 [03:29<02:46,  6.15s/it]
Task 0, Epoch 34/60 => Loss 0.580, Train_accy 81.94:  57%|█████▋    | 34/60 [03:29<02:39,  6.12s/it]
Task 0, Epoch 35/60 => Loss 0.571, Train_accy 81.87:  57%|█████▋    | 34/60 [03:35<02:39,  6.12s/it]
Task 0, Epoch 35/60 => Loss 0.571, Train_accy 81.87:  58%|█████▊    | 35/60 [03:35<02:32,  6.09s/it]
Task 0, Epoch 36/60 => Loss 0.559, Train_accy 82.26, Test_accy 72.67:  58%|█████▊    | 35/60 [03:42<02:32,  6.09s/it]
Task 0, Epoch 36/60 => Loss 0.559, Train_accy 82.26, Test_accy 72.67:  60%|██████    | 36/60 [03:42<02:27,  6.16s/it]
Task 0, Epoch 37/60 => Loss 0.539, Train_accy 82.90:  60%|██████    | 36/60 [03:48<02:27,  6.16s/it]                 
Task 0, Epoch 37/60 => Loss 0.539, Train_accy 82.90:  62%|██████▏   | 37/60 [03:48<02:19,  6.08s/it]
Task 0, Epoch 38/60 => Loss 0.543, Train_accy 82.84:  62%|██████▏   | 37/60 [03:54<02:19,  6.08s/it]
Task 0, Epoch 38/60 => Loss 0.543, Train_accy 82.84:  63%|██████▎   | 38/60 [03:54<02:13,  6.09s/it]
Task 0, Epoch 39/60 => Loss 0.532, Train_accy 83.16:  63%|██████▎   | 38/60 [04:00<02:13,  6.09s/it]
Task 0, Epoch 39/60 => Loss 0.532, Train_accy 83.16:  65%|██████▌   | 39/60 [04:00<02:07,  6.06s/it]
Task 0, Epoch 40/60 => Loss 0.522, Train_accy 83.32:  65%|██████▌   | 39/60 [04:06<02:07,  6.06s/it]
Task 0, Epoch 40/60 => Loss 0.522, Train_accy 83.32:  67%|██████▋   | 40/60 [04:06<02:00,  6.03s/it]
Task 0, Epoch 41/60 => Loss 0.449, Train_accy 86.28, Test_accy 74.33:  67%|██████▋   | 40/60 [04:12<02:00,  6.03s/it]
Task 0, Epoch 41/60 => Loss 0.449, Train_accy 86.28, Test_accy 74.33:  68%|██████▊   | 41/60 [04:12<01:58,  6.25s/it]
Task 0, Epoch 42/60 => Loss 0.425, Train_accy 87.04:  68%|██████▊   | 41/60 [04:19<01:58,  6.25s/it]                 
Task 0, Epoch 42/60 => Loss 0.425, Train_accy 87.04:  70%|███████   | 42/60 [04:19<01:53,  6.33s/it]
Task 0, Epoch 43/60 => Loss 0.414, Train_accy 87.40:  70%|███████   | 42/60 [04:25<01:53,  6.33s/it]
Task 0, Epoch 43/60 => Loss 0.414, Train_accy 87.40:  72%|███████▏  | 43/60 [04:25<01:46,  6.27s/it]
Task 0, Epoch 44/60 => Loss 0.407, Train_accy 87.46:  72%|███████▏  | 43/60 [04:31<01:46,  6.27s/it]
Task 0, Epoch 44/60 => Loss 0.407, Train_accy 87.46:  73%|███████▎  | 44/60 [04:31<01:39,  6.19s/it]
Task 0, Epoch 45/60 => Loss 0.408, Train_accy 87.66:  73%|███████▎  | 44/60 [04:37<01:39,  6.19s/it]
Task 0, Epoch 45/60 => Loss 0.408, Train_accy 87.66:  75%|███████▌  | 45/60 [04:37<01:32,  6.19s/it]
Task 0, Epoch 46/60 => Loss 0.404, Train_accy 87.69, Test_accy 74.80:  75%|███████▌  | 45/60 [04:44<01:32,  6.19s/it]
Task 0, Epoch 46/60 => Loss 0.404, Train_accy 87.69, Test_accy 74.80:  77%|███████▋  | 46/60 [04:44<01:27,  6.27s/it]
Task 0, Epoch 47/60 => Loss 0.397, Train_accy 87.81:  77%|███████▋  | 46/60 [04:50<01:27,  6.27s/it]                 
Task 0, Epoch 47/60 => Loss 0.397, Train_accy 87.81:  78%|███████▊  | 47/60 [04:50<01:20,  6.15s/it]
Task 0, Epoch 48/60 => Loss 0.388, Train_accy 88.16:  78%|███████▊  | 47/60 [04:55<01:20,  6.15s/it]
Task 0, Epoch 48/60 => Loss 0.388, Train_accy 88.16:  80%|████████  | 48/60 [04:55<01:12,  6.03s/it]
Task 0, Epoch 49/60 => Loss 0.392, Train_accy 88.28:  80%|████████  | 48/60 [05:01<01:12,  6.03s/it]
Task 0, Epoch 49/60 => Loss 0.392, Train_accy 88.28:  82%|████████▏ | 49/60 [05:01<01:05,  5.95s/it]
Task 0, Epoch 50/60 => Loss 0.388, Train_accy 88.27:  82%|████████▏ | 49/60 [05:07<01:05,  5.95s/it]
Task 0, Epoch 50/60 => Loss 0.388, Train_accy 88.27:  83%|████████▎ | 50/60 [05:07<00:59,  5.94s/it]
Task 0, Epoch 51/60 => Loss 0.377, Train_accy 88.58, Test_accy 74.67:  83%|████████▎ | 50/60 [05:14<00:59,  5.94s/it]
Task 0, Epoch 51/60 => Loss 0.377, Train_accy 88.58, Test_accy 74.67:  85%|████████▌ | 51/60 [05:14<00:55,  6.16s/it]
Task 0, Epoch 52/60 => Loss 0.377, Train_accy 88.58:  85%|████████▌ | 51/60 [05:19<00:55,  6.16s/it]                 
Task 0, Epoch 52/60 => Loss 0.377, Train_accy 88.58:  87%|████████▋ | 52/60 [05:19<00:47,  5.98s/it]
Task 0, Epoch 53/60 => Loss 0.377, Train_accy 88.58:  87%|████████▋ | 52/60 [05:25<00:47,  5.98s/it]
Task 0, Epoch 53/60 => Loss 0.377, Train_accy 88.58:  88%|████████▊ | 53/60 [05:25<00:41,  5.99s/it]
Task 0, Epoch 54/60 => Loss 0.376, Train_accy 88.54:  88%|████████▊ | 53/60 [05:31<00:41,  5.99s/it]
Task 0, Epoch 54/60 => Loss 0.376, Train_accy 88.54:  90%|█████████ | 54/60 [05:31<00:36,  6.03s/it]
Task 0, Epoch 55/60 => Loss 0.377, Train_accy 88.64:  90%|█████████ | 54/60 [05:37<00:36,  6.03s/it]
Task 0, Epoch 55/60 => Loss 0.377, Train_accy 88.64:  92%|█████████▏| 55/60 [05:37<00:29,  5.96s/it]
Task 0, Epoch 56/60 => Loss 0.382, Train_accy 88.31, Test_accy 75.27:  92%|█████████▏| 55/60 [05:44<00:29,  5.96s/it]
Task 0, Epoch 56/60 => Loss 0.382, Train_accy 88.31, Test_accy 75.27:  93%|█████████▎| 56/60 [05:44<00:24,  6.17s/it]
Task 0, Epoch 57/60 => Loss 0.378, Train_accy 88.54:  93%|█████████▎| 56/60 [05:50<00:24,  6.17s/it]                 
Task 0, Epoch 57/60 => Loss 0.378, Train_accy 88.54:  95%|█████████▌| 57/60 [05:50<00:18,  6.16s/it]
Task 0, Epoch 58/60 => Loss 0.370, Train_accy 89.09:  95%|█████████▌| 57/60 [05:56<00:18,  6.16s/it]
Task 0, Epoch 58/60 => Loss 0.370, Train_accy 89.09:  97%|█████████▋| 58/60 [05:56<00:12,  6.07s/it]
Task 0, Epoch 59/60 => Loss 0.374, Train_accy 88.76:  97%|█████████▋| 58/60 [06:02<00:12,  6.07s/it]
Task 0, Epoch 59/60 => Loss 0.374, Train_accy 88.76:  98%|█████████▊| 59/60 [06:02<00:06,  6.02s/it]
Task 0, Epoch 60/60 => Loss 0.372, Train_accy 88.74:  98%|█████████▊| 59/60 [06:08<00:06,  6.02s/it]
Task 0, Epoch 60/60 => Loss 0.372, Train_accy 88.74: 100%|██████████| 60/60 [06:08<00:00,  6.02s/it]
Task 0, Epoch 60/60 => Loss 0.372, Train_accy 88.74: 100%|██████████| 60/60 [06:08<00:00,  6.14s/it]

  0%|          | 0/50 [00:00<?, ?it/s]
Task 1, Epoch 1/50 => Loss 5.075, Train_accy 45.33, Test_accy 28.22:   0%|          | 0/50 [00:03<?, ?it/s]
Task 1, Epoch 1/50 => Loss 5.075, Train_accy 45.33, Test_accy 28.22:   2%|▏         | 1/50 [00:03<02:33,  3.13s/it]
Task 1, Epoch 2/50 => Loss 4.104, Train_accy 60.36:   2%|▏         | 1/50 [00:05<02:33,  3.13s/it]                 
Task 1, Epoch 2/50 => Loss 4.104, Train_accy 60.36:   4%|▍         | 2/50 [00:05<02:04,  2.60s/it]
Task 1, Epoch 3/50 => Loss 3.803, Train_accy 65.96:   4%|▍         | 2/50 [00:07<02:04,  2.60s/it]
Task 1, Epoch 3/50 => Loss 3.803, Train_accy 65.96:   6%|▌         | 3/50 [00:07<01:59,  2.53s/it]
Task 1, Epoch 4/50 => Loss 3.654, Train_accy 69.11:   6%|▌         | 3/50 [00:10<01:59,  2.53s/it]
Task 1, Epoch 4/50 => Loss 3.654, Train_accy 69.11:   8%|▊         | 4/50 [00:10<01:50,  2.41s/it]
Task 1, Epoch 5/50 => Loss 3.565, Train_accy 71.40:   8%|▊         | 4/50 [00:12<01:50,  2.41s/it]
Task 1, Epoch 5/50 => Loss 3.565, Train_accy 71.40:  10%|█         | 5/50 [00:12<01:47,  2.38s/it]
Task 1, Epoch 6/50 => Loss 3.476, Train_accy 73.46, Test_accy 38.06:  10%|█         | 5/50 [00:15<01:47,  2.38s/it]
Task 1, Epoch 6/50 => Loss 3.476, Train_accy 73.46, Test_accy 38.06:  12%|█▏        | 6/50 [00:15<01:53,  2.58s/it]
Task 1, Epoch 7/50 => Loss 3.423, Train_accy 74.27:  12%|█▏        | 6/50 [00:17<01:53,  2.58s/it]                 
Task 1, Epoch 7/50 => Loss 3.423, Train_accy 74.27:  14%|█▍        | 7/50 [00:17<01:47,  2.49s/it]
Task 1, Epoch 8/50 => Loss 3.346, Train_accy 76.67:  14%|█▍        | 7/50 [00:19<01:47,  2.49s/it]
Task 1, Epoch 8/50 => Loss 3.346, Train_accy 76.67:  16%|█▌        | 8/50 [00:19<01:39,  2.38s/it]
Task 1, Epoch 9/50 => Loss 3.282, Train_accy 77.53:  16%|█▌        | 8/50 [00:22<01:39,  2.38s/it]
Task 1, Epoch 9/50 => Loss 3.282, Train_accy 77.53:  18%|█▊        | 9/50 [00:22<01:36,  2.36s/it]
Task 1, Epoch 10/50 => Loss 3.237, Train_accy 78.70:  18%|█▊        | 9/50 [00:24<01:36,  2.36s/it]
Task 1, Epoch 10/50 => Loss 3.237, Train_accy 78.70:  20%|██        | 10/50 [00:24<01:33,  2.34s/it]
Task 1, Epoch 11/50 => Loss 3.213, Train_accy 80.06, Test_accy 48.28:  20%|██        | 10/50 [00:27<01:33,  2.34s/it]
Task 1, Epoch 11/50 => Loss 3.213, Train_accy 80.06, Test_accy 48.28:  22%|██▏       | 11/50 [00:27<01:38,  2.52s/it]
Task 1, Epoch 12/50 => Loss 3.120, Train_accy 82.49:  22%|██▏       | 11/50 [00:29<01:38,  2.52s/it]                 
Task 1, Epoch 12/50 => Loss 3.120, Train_accy 82.49:  24%|██▍       | 12/50 [00:29<01:32,  2.43s/it]
Task 1, Epoch 13/50 => Loss 3.106, Train_accy 82.71:  24%|██▍       | 12/50 [00:31<01:32,  2.43s/it]
Task 1, Epoch 13/50 => Loss 3.106, Train_accy 82.71:  26%|██▌       | 13/50 [00:31<01:29,  2.41s/it]
Task 1, Epoch 14/50 => Loss 3.069, Train_accy 83.61:  26%|██▌       | 13/50 [00:34<01:29,  2.41s/it]
Task 1, Epoch 14/50 => Loss 3.069, Train_accy 83.61:  28%|██▊       | 14/50 [00:34<01:27,  2.43s/it]
Task 1, Epoch 15/50 => Loss 3.016, Train_accy 84.94:  28%|██▊       | 14/50 [00:36<01:27,  2.43s/it]
Task 1, Epoch 15/50 => Loss 3.016, Train_accy 84.94:  30%|███       | 15/50 [00:36<01:22,  2.36s/it]
Task 1, Epoch 16/50 => Loss 3.055, Train_accy 84.09, Test_accy 46.72:  30%|███       | 15/50 [00:39<01:22,  2.36s/it]
Task 1, Epoch 16/50 => Loss 3.055, Train_accy 84.09, Test_accy 46.72:  32%|███▏      | 16/50 [00:39<01:27,  2.58s/it]
Task 1, Epoch 17/50 => Loss 2.994, Train_accy 85.57:  32%|███▏      | 16/50 [00:41<01:27,  2.58s/it]                 
Task 1, Epoch 17/50 => Loss 2.994, Train_accy 85.57:  34%|███▍      | 17/50 [00:41<01:21,  2.47s/it]
Task 1, Epoch 18/50 => Loss 2.996, Train_accy 85.93:  34%|███▍      | 17/50 [00:44<01:21,  2.47s/it]
Task 1, Epoch 18/50 => Loss 2.996, Train_accy 85.93:  36%|███▌      | 18/50 [00:44<01:18,  2.45s/it]
Task 1, Epoch 19/50 => Loss 2.989, Train_accy 86.50:  36%|███▌      | 18/50 [00:46<01:18,  2.45s/it]
Task 1, Epoch 19/50 => Loss 2.989, Train_accy 86.50:  38%|███▊      | 19/50 [00:46<01:13,  2.38s/it]
Task 1, Epoch 20/50 => Loss 2.968, Train_accy 86.09:  38%|███▊      | 19/50 [00:48<01:13,  2.38s/it]
Task 1, Epoch 20/50 => Loss 2.968, Train_accy 86.09:  40%|████      | 20/50 [00:48<01:10,  2.34s/it]
Task 1, Epoch 21/50 => Loss 2.789, Train_accy 91.53, Test_accy 57.44:  40%|████      | 20/50 [00:51<01:10,  2.34s/it]
Task 1, Epoch 21/50 => Loss 2.789, Train_accy 91.53, Test_accy 57.44:  42%|████▏     | 21/50 [00:51<01:12,  2.51s/it]
Task 1, Epoch 22/50 => Loss 2.694, Train_accy 93.91:  42%|████▏     | 21/50 [00:54<01:12,  2.51s/it]                 
Task 1, Epoch 22/50 => Loss 2.694, Train_accy 93.91:  44%|████▍     | 22/50 [00:54<01:09,  2.49s/it]
Task 1, Epoch 23/50 => Loss 2.659, Train_accy 94.91:  44%|████▍     | 22/50 [00:56<01:09,  2.49s/it]
Task 1, Epoch 23/50 => Loss 2.659, Train_accy 94.91:  46%|████▌     | 23/50 [00:56<01:06,  2.45s/it]
Task 1, Epoch 24/50 => Loss 2.657, Train_accy 94.63:  46%|████▌     | 23/50 [00:58<01:06,  2.45s/it]
Task 1, Epoch 24/50 => Loss 2.657, Train_accy 94.63:  48%|████▊     | 24/50 [00:58<01:02,  2.42s/it]
Task 1, Epoch 25/50 => Loss 2.642, Train_accy 95.41:  48%|████▊     | 24/50 [01:01<01:02,  2.42s/it]
Task 1, Epoch 25/50 => Loss 2.642, Train_accy 95.41:  50%|█████     | 25/50 [01:01<01:02,  2.50s/it]
Task 1, Epoch 26/50 => Loss 2.618, Train_accy 95.79, Test_accy 58.67:  50%|█████     | 25/50 [01:04<01:02,  2.50s/it]
Task 1, Epoch 26/50 => Loss 2.618, Train_accy 95.79, Test_accy 58.67:  52%|█████▏    | 26/50 [01:04<01:03,  2.65s/it]
Task 1, Epoch 27/50 => Loss 2.624, Train_accy 95.59:  52%|█████▏    | 26/50 [01:06<01:03,  2.65s/it]                 
Task 1, Epoch 27/50 => Loss 2.624, Train_accy 95.59:  54%|█████▍    | 27/50 [01:06<00:59,  2.59s/it]
Task 1, Epoch 28/50 => Loss 2.606, Train_accy 96.03:  54%|█████▍    | 27/50 [01:08<00:59,  2.59s/it]
Task 1, Epoch 28/50 => Loss 2.606, Train_accy 96.03:  56%|█████▌    | 28/50 [01:08<00:53,  2.42s/it]
Task 1, Epoch 29/50 => Loss 2.599, Train_accy 96.10:  56%|█████▌    | 28/50 [01:11<00:53,  2.42s/it]
Task 1, Epoch 29/50 => Loss 2.599, Train_accy 96.10:  58%|█████▊    | 29/50 [01:11<00:50,  2.40s/it]
Task 1, Epoch 30/50 => Loss 2.592, Train_accy 96.61:  58%|█████▊    | 29/50 [01:13<00:50,  2.40s/it]
Task 1, Epoch 30/50 => Loss 2.592, Train_accy 96.61:  60%|██████    | 30/50 [01:13<00:47,  2.37s/it]
Task 1, Epoch 31/50 => Loss 2.585, Train_accy 96.54, Test_accy 59.33:  60%|██████    | 30/50 [01:16<00:47,  2.37s/it]
Task 1, Epoch 31/50 => Loss 2.585, Train_accy 96.54, Test_accy 59.33:  62%|██████▏   | 31/50 [01:16<00:48,  2.55s/it]
Task 1, Epoch 32/50 => Loss 2.583, Train_accy 96.70:  62%|██████▏   | 31/50 [01:18<00:48,  2.55s/it]                 
Task 1, Epoch 32/50 => Loss 2.583, Train_accy 96.70:  64%|██████▍   | 32/50 [01:18<00:44,  2.47s/it]
Task 1, Epoch 33/50 => Loss 2.579, Train_accy 96.54:  64%|██████▍   | 32/50 [01:21<00:44,  2.47s/it]
Task 1, Epoch 33/50 => Loss 2.579, Train_accy 96.54:  66%|██████▌   | 33/50 [01:21<00:40,  2.40s/it]
Task 1, Epoch 34/50 => Loss 2.581, Train_accy 96.76:  66%|██████▌   | 33/50 [01:23<00:40,  2.40s/it]
Task 1, Epoch 34/50 => Loss 2.581, Train_accy 96.76:  68%|██████▊   | 34/50 [01:23<00:37,  2.34s/it]
Task 1, Epoch 35/50 => Loss 2.573, Train_accy 96.81:  68%|██████▊   | 34/50 [01:25<00:37,  2.34s/it]
Task 1, Epoch 35/50 => Loss 2.573, Train_accy 96.81:  70%|███████   | 35/50 [01:25<00:34,  2.33s/it]
Task 1, Epoch 36/50 => Loss 2.568, Train_accy 97.11, Test_accy 60.28:  70%|███████   | 35/50 [01:28<00:34,  2.33s/it]
Task 1, Epoch 36/50 => Loss 2.568, Train_accy 97.11, Test_accy 60.28:  72%|███████▏  | 36/50 [01:28<00:34,  2.48s/it]
Task 1, Epoch 37/50 => Loss 2.564, Train_accy 97.34:  72%|███████▏  | 36/50 [01:30<00:34,  2.48s/it]                 
Task 1, Epoch 37/50 => Loss 2.564, Train_accy 97.34:  74%|███████▍  | 37/50 [01:30<00:30,  2.38s/it]
Task 1, Epoch 38/50 => Loss 2.558, Train_accy 97.26:  74%|███████▍  | 37/50 [01:32<00:30,  2.38s/it]
Task 1, Epoch 38/50 => Loss 2.558, Train_accy 97.26:  76%|███████▌  | 38/50 [01:32<00:28,  2.34s/it]
Task 1, Epoch 39/50 => Loss 2.562, Train_accy 97.41:  76%|███████▌  | 38/50 [01:35<00:28,  2.34s/it]
Task 1, Epoch 39/50 => Loss 2.562, Train_accy 97.41:  78%|███████▊  | 39/50 [01:35<00:26,  2.37s/it]
Task 1, Epoch 40/50 => Loss 2.555, Train_accy 97.47:  78%|███████▊  | 39/50 [01:37<00:26,  2.37s/it]
Task 1, Epoch 40/50 => Loss 2.555, Train_accy 97.47:  80%|████████  | 40/50 [01:37<00:23,  2.32s/it]
Task 1, Epoch 41/50 => Loss 2.566, Train_accy 97.36, Test_accy 60.44:  80%|████████  | 40/50 [01:40<00:23,  2.32s/it]
Task 1, Epoch 41/50 => Loss 2.566, Train_accy 97.36, Test_accy 60.44:  82%|████████▏ | 41/50 [01:40<00:22,  2.47s/it]
Task 1, Epoch 42/50 => Loss 2.559, Train_accy 97.46:  82%|████████▏ | 41/50 [01:42<00:22,  2.47s/it]                 
Task 1, Epoch 42/50 => Loss 2.559, Train_accy 97.46:  84%|████████▍ | 42/50 [01:42<00:19,  2.41s/it]
Task 1, Epoch 43/50 => Loss 2.552, Train_accy 97.27:  84%|████████▍ | 42/50 [01:44<00:19,  2.41s/it]
Task 1, Epoch 43/50 => Loss 2.552, Train_accy 97.27:  86%|████████▌ | 43/50 [01:44<00:16,  2.35s/it]
Task 1, Epoch 44/50 => Loss 2.552, Train_accy 97.60:  86%|████████▌ | 43/50 [01:47<00:16,  2.35s/it]
Task 1, Epoch 44/50 => Loss 2.552, Train_accy 97.60:  88%|████████▊ | 44/50 [01:47<00:14,  2.39s/it]
Task 1, Epoch 45/50 => Loss 2.565, Train_accy 97.07:  88%|████████▊ | 44/50 [01:49<00:14,  2.39s/it]
Task 1, Epoch 45/50 => Loss 2.565, Train_accy 97.07:  90%|█████████ | 45/50 [01:49<00:11,  2.34s/it]
Task 1, Epoch 46/50 => Loss 2.558, Train_accy 97.50, Test_accy 60.00:  90%|█████████ | 45/50 [01:52<00:11,  2.34s/it]
Task 1, Epoch 46/50 => Loss 2.558, Train_accy 97.50, Test_accy 60.00:  92%|█████████▏| 46/50 [01:52<00:09,  2.49s/it]
Task 1, Epoch 47/50 => Loss 2.555, Train_accy 97.53:  92%|█████████▏| 46/50 [01:54<00:09,  2.49s/it]                 
Task 1, Epoch 47/50 => Loss 2.555, Train_accy 97.53:  94%|█████████▍| 47/50 [01:54<00:07,  2.42s/it]
Task 1, Epoch 48/50 => Loss 2.560, Train_accy 97.16:  94%|█████████▍| 47/50 [01:56<00:07,  2.42s/it]
Task 1, Epoch 48/50 => Loss 2.560, Train_accy 97.16:  96%|█████████▌| 48/50 [01:56<00:04,  2.34s/it]
Task 1, Epoch 49/50 => Loss 2.552, Train_accy 97.57:  96%|█████████▌| 48/50 [01:59<00:04,  2.34s/it]
Task 1, Epoch 49/50 => Loss 2.552, Train_accy 97.57:  98%|█████████▊| 49/50 [01:59<00:02,  2.35s/it]
Task 1, Epoch 50/50 => Loss 2.558, Train_accy 97.34:  98%|█████████▊| 49/50 [02:01<00:02,  2.35s/it]
Task 1, Epoch 50/50 => Loss 2.558, Train_accy 97.34: 100%|██████████| 50/50 [02:01<00:00,  2.36s/it]
Task 1, Epoch 50/50 => Loss 2.558, Train_accy 97.34: 100%|██████████| 50/50 [02:01<00:00,  2.43s/it]

  0%|          | 0/50 [00:00<?, ?it/s]
Task 2, Epoch 1/50 => Loss 4.372, Train_accy 55.30, Test_accy 38.81:   0%|          | 0/50 [00:02<?, ?it/s]
Task 2, Epoch 1/50 => Loss 4.372, Train_accy 55.30, Test_accy 38.81:   2%|▏         | 1/50 [00:02<02:11,  2.68s/it]
Task 2, Epoch 2/50 => Loss 3.325, Train_accy 73.42:   2%|▏         | 1/50 [00:04<02:11,  2.68s/it]                 
Task 2, Epoch 2/50 => Loss 3.325, Train_accy 73.42:   4%|▍         | 2/50 [00:04<01:58,  2.46s/it]
Task 2, Epoch 3/50 => Loss 3.191, Train_accy 76.28:   4%|▍         | 2/50 [00:07<01:58,  2.46s/it]
Task 2, Epoch 3/50 => Loss 3.191, Train_accy 76.28:   6%|▌         | 3/50 [00:07<01:48,  2.32s/it]
Task 2, Epoch 4/50 => Loss 3.124, Train_accy 78.80:   6%|▌         | 3/50 [00:09<01:48,  2.32s/it]
Task 2, Epoch 4/50 => Loss 3.124, Train_accy 78.80:   8%|▊         | 4/50 [00:09<01:47,  2.34s/it]
Task 2, Epoch 5/50 => Loss 3.066, Train_accy 81.03:   8%|▊         | 4/50 [00:11<01:47,  2.34s/it]
Task 2, Epoch 5/50 => Loss 3.066, Train_accy 81.03:  10%|█         | 5/50 [00:11<01:44,  2.33s/it]
Task 2, Epoch 6/50 => Loss 3.035, Train_accy 81.96, Test_accy 43.71:  10%|█         | 5/50 [00:14<01:44,  2.33s/it]
Task 2, Epoch 6/50 => Loss 3.035, Train_accy 81.96, Test_accy 43.71:  12%|█▏        | 6/50 [00:14<01:54,  2.60s/it]
Task 2, Epoch 7/50 => Loss 2.992, Train_accy 83.15:  12%|█▏        | 6/50 [00:17<01:54,  2.60s/it]                 
Task 2, Epoch 7/50 => Loss 2.992, Train_accy 83.15:  14%|█▍        | 7/50 [00:17<01:49,  2.54s/it]
Task 2, Epoch 8/50 => Loss 2.971, Train_accy 83.38:  14%|█▍        | 7/50 [00:19<01:49,  2.54s/it]
Task 2, Epoch 8/50 => Loss 2.971, Train_accy 83.38:  16%|█▌        | 8/50 [00:19<01:42,  2.44s/it]
Task 2, Epoch 9/50 => Loss 2.951, Train_accy 84.00:  16%|█▌        | 8/50 [00:21<01:42,  2.44s/it]
Task 2, Epoch 9/50 => Loss 2.951, Train_accy 84.00:  18%|█▊        | 9/50 [00:21<01:37,  2.38s/it]
Task 2, Epoch 10/50 => Loss 2.882, Train_accy 85.99:  18%|█▊        | 9/50 [00:24<01:37,  2.38s/it]
Task 2, Epoch 10/50 => Loss 2.882, Train_accy 85.99:  20%|██        | 10/50 [00:24<01:36,  2.40s/it]
Task 2, Epoch 11/50 => Loss 2.860, Train_accy 86.48, Test_accy 45.33:  20%|██        | 10/50 [00:26<01:36,  2.40s/it]
Task 2, Epoch 11/50 => Loss 2.860, Train_accy 86.48, Test_accy 45.33:  22%|██▏       | 11/50 [00:26<01:37,  2.49s/it]
Task 2, Epoch 12/50 => Loss 2.829, Train_accy 87.54:  22%|██▏       | 11/50 [00:29<01:37,  2.49s/it]                 
Task 2, Epoch 12/50 => Loss 2.829, Train_accy 87.54:  24%|██▍       | 12/50 [00:29<01:34,  2.49s/it]
Task 2, Epoch 13/50 => Loss 2.786, Train_accy 88.31:  24%|██▍       | 12/50 [00:31<01:34,  2.49s/it]
Task 2, Epoch 13/50 => Loss 2.786, Train_accy 88.31:  26%|██▌       | 13/50 [00:31<01:29,  2.42s/it]
Task 2, Epoch 14/50 => Loss 2.812, Train_accy 88.47:  26%|██▌       | 13/50 [00:34<01:29,  2.42s/it]
Task 2, Epoch 14/50 => Loss 2.812, Train_accy 88.47:  28%|██▊       | 14/50 [00:34<01:27,  2.42s/it]
Task 2, Epoch 15/50 => Loss 2.785, Train_accy 88.75:  28%|██▊       | 14/50 [00:36<01:27,  2.42s/it]
Task 2, Epoch 15/50 => Loss 2.785, Train_accy 88.75:  30%|███       | 15/50 [00:36<01:24,  2.43s/it]
Task 2, Epoch 16/50 => Loss 2.772, Train_accy 89.66, Test_accy 47.05:  30%|███       | 15/50 [00:39<01:24,  2.43s/it]
Task 2, Epoch 16/50 => Loss 2.772, Train_accy 89.66, Test_accy 47.05:  32%|███▏      | 16/50 [00:39<01:26,  2.54s/it]
Task 2, Epoch 17/50 => Loss 2.746, Train_accy 90.64:  32%|███▏      | 16/50 [00:41<01:26,  2.54s/it]                 
Task 2, Epoch 17/50 => Loss 2.746, Train_accy 90.64:  34%|███▍      | 17/50 [00:41<01:21,  2.47s/it]
Task 2, Epoch 18/50 => Loss 2.734, Train_accy 90.67:  34%|███▍      | 17/50 [00:44<01:21,  2.47s/it]
Task 2, Epoch 18/50 => Loss 2.734, Train_accy 90.67:  36%|███▌      | 18/50 [00:44<01:17,  2.43s/it]
Task 2, Epoch 19/50 => Loss 2.723, Train_accy 90.79:  36%|███▌      | 18/50 [00:46<01:17,  2.43s/it]
Task 2, Epoch 19/50 => Loss 2.723, Train_accy 90.79:  38%|███▊      | 19/50 [00:46<01:16,  2.46s/it]
Task 2, Epoch 20/50 => Loss 2.716, Train_accy 91.52:  38%|███▊      | 19/50 [00:48<01:16,  2.46s/it]
Task 2, Epoch 20/50 => Loss 2.716, Train_accy 91.52:  40%|████      | 20/50 [00:48<01:12,  2.40s/it]
Task 2, Epoch 21/50 => Loss 2.562, Train_accy 95.07, Test_accy 53.62:  40%|████      | 20/50 [00:51<01:12,  2.40s/it]
Task 2, Epoch 21/50 => Loss 2.562, Train_accy 95.07, Test_accy 53.62:  42%|████▏     | 21/50 [00:51<01:15,  2.59s/it]
Task 2, Epoch 22/50 => Loss 2.497, Train_accy 96.69:  42%|████▏     | 21/50 [00:54<01:15,  2.59s/it]                 
Task 2, Epoch 22/50 => Loss 2.497, Train_accy 96.69:  44%|████▍     | 22/50 [00:54<01:10,  2.53s/it]
Task 2, Epoch 23/50 => Loss 2.465, Train_accy 97.42:  44%|████▍     | 22/50 [00:56<01:10,  2.53s/it]
Task 2, Epoch 23/50 => Loss 2.465, Train_accy 97.42:  46%|████▌     | 23/50 [00:56<01:07,  2.49s/it]
Task 2, Epoch 24/50 => Loss 2.458, Train_accy 97.41:  46%|████▌     | 23/50 [00:58<01:07,  2.49s/it]
Task 2, Epoch 24/50 => Loss 2.458, Train_accy 97.41:  48%|████▊     | 24/50 [00:58<01:03,  2.44s/it]
Task 2, Epoch 25/50 => Loss 2.452, Train_accy 97.61:  48%|████▊     | 24/50 [01:01<01:03,  2.44s/it]
Task 2, Epoch 25/50 => Loss 2.452, Train_accy 97.61:  50%|█████     | 25/50 [01:01<00:58,  2.35s/it]
Task 2, Epoch 26/50 => Loss 2.440, Train_accy 97.79, Test_accy 54.48:  50%|█████     | 25/50 [01:03<00:58,  2.35s/it]
Task 2, Epoch 26/50 => Loss 2.440, Train_accy 97.79, Test_accy 54.48:  52%|█████▏    | 26/50 [01:03<00:59,  2.49s/it]
Task 2, Epoch 27/50 => Loss 2.440, Train_accy 97.85:  52%|█████▏    | 26/50 [01:06<00:59,  2.49s/it]                 
Task 2, Epoch 27/50 => Loss 2.440, Train_accy 97.85:  54%|█████▍    | 27/50 [01:06<00:54,  2.37s/it]
Task 2, Epoch 28/50 => Loss 2.437, Train_accy 97.94:  54%|█████▍    | 27/50 [01:08<00:54,  2.37s/it]
Task 2, Epoch 28/50 => Loss 2.437, Train_accy 97.94:  56%|█████▌    | 28/50 [01:08<00:52,  2.39s/it]
Task 2, Epoch 29/50 => Loss 2.428, Train_accy 97.87:  56%|█████▌    | 28/50 [01:10<00:52,  2.39s/it]
Task 2, Epoch 29/50 => Loss 2.428, Train_accy 97.87:  58%|█████▊    | 29/50 [01:10<00:50,  2.39s/it]
Task 2, Epoch 30/50 => Loss 2.426, Train_accy 98.17:  58%|█████▊    | 29/50 [01:12<00:50,  2.39s/it]
Task 2, Epoch 30/50 => Loss 2.426, Train_accy 98.17:  60%|██████    | 30/50 [01:12<00:45,  2.29s/it]
Task 2, Epoch 31/50 => Loss 2.424, Train_accy 98.34, Test_accy 54.62:  60%|██████    | 30/50 [01:15<00:45,  2.29s/it]
Task 2, Epoch 31/50 => Loss 2.424, Train_accy 98.34, Test_accy 54.62:  62%|██████▏   | 31/50 [01:15<00:45,  2.39s/it]
Task 2, Epoch 32/50 => Loss 2.424, Train_accy 98.35:  62%|██████▏   | 31/50 [01:17<00:45,  2.39s/it]                 
Task 2, Epoch 32/50 => Loss 2.424, Train_accy 98.35:  64%|██████▍   | 32/50 [01:17<00:42,  2.37s/it]
Task 2, Epoch 33/50 => Loss 2.419, Train_accy 98.35:  64%|██████▍   | 32/50 [01:20<00:42,  2.37s/it]
Task 2, Epoch 33/50 => Loss 2.419, Train_accy 98.35:  66%|██████▌   | 33/50 [01:20<00:40,  2.39s/it]
Task 2, Epoch 34/50 => Loss 2.412, Train_accy 98.50:  66%|██████▌   | 33/50 [01:22<00:40,  2.39s/it]
Task 2, Epoch 34/50 => Loss 2.412, Train_accy 98.50:  68%|██████▊   | 34/50 [01:22<00:37,  2.37s/it]
Task 2, Epoch 35/50 => Loss 2.414, Train_accy 98.61:  68%|██████▊   | 34/50 [01:24<00:37,  2.37s/it]
Task 2, Epoch 35/50 => Loss 2.414, Train_accy 98.61:  70%|███████   | 35/50 [01:24<00:34,  2.32s/it]
Task 2, Epoch 36/50 => Loss 2.414, Train_accy 98.67, Test_accy 54.95:  70%|███████   | 35/50 [01:27<00:34,  2.32s/it]
Task 2, Epoch 36/50 => Loss 2.414, Train_accy 98.67, Test_accy 54.95:  72%|███████▏  | 36/50 [01:27<00:33,  2.42s/it]
Task 2, Epoch 37/50 => Loss 2.397, Train_accy 98.84:  72%|███████▏  | 36/50 [01:29<00:33,  2.42s/it]                 
Task 2, Epoch 37/50 => Loss 2.397, Train_accy 98.84:  74%|███████▍  | 37/50 [01:29<00:31,  2.40s/it]
Task 2, Epoch 38/50 => Loss 2.405, Train_accy 98.57:  74%|███████▍  | 37/50 [01:32<00:31,  2.40s/it]
Task 2, Epoch 38/50 => Loss 2.405, Train_accy 98.57:  76%|███████▌  | 38/50 [01:32<00:28,  2.34s/it]
Task 2, Epoch 39/50 => Loss 2.397, Train_accy 98.70:  76%|███████▌  | 38/50 [01:34<00:28,  2.34s/it]
Task 2, Epoch 39/50 => Loss 2.397, Train_accy 98.70:  78%|███████▊  | 39/50 [01:34<00:25,  2.30s/it]
Task 2, Epoch 40/50 => Loss 2.405, Train_accy 98.67:  78%|███████▊  | 39/50 [01:36<00:25,  2.30s/it]
Task 2, Epoch 40/50 => Loss 2.405, Train_accy 98.67:  80%|████████  | 40/50 [01:36<00:23,  2.32s/it]
Task 2, Epoch 41/50 => Loss 2.405, Train_accy 98.81, Test_accy 54.67:  80%|████████  | 40/50 [01:39<00:23,  2.32s/it]
Task 2, Epoch 41/50 => Loss 2.405, Train_accy 98.81, Test_accy 54.67:  82%|████████▏ | 41/50 [01:39<00:22,  2.52s/it]
Task 2, Epoch 42/50 => Loss 2.403, Train_accy 98.60:  82%|████████▏ | 41/50 [01:41<00:22,  2.52s/it]                 
Task 2, Epoch 42/50 => Loss 2.403, Train_accy 98.60:  84%|████████▍ | 42/50 [01:41<00:19,  2.45s/it]
Task 2, Epoch 43/50 => Loss 2.403, Train_accy 98.51:  84%|████████▍ | 42/50 [01:44<00:19,  2.45s/it]
Task 2, Epoch 43/50 => Loss 2.403, Train_accy 98.51:  86%|████████▌ | 43/50 [01:44<00:16,  2.37s/it]
Task 2, Epoch 44/50 => Loss 2.409, Train_accy 98.62:  86%|████████▌ | 43/50 [01:46<00:16,  2.37s/it]
Task 2, Epoch 44/50 => Loss 2.409, Train_accy 98.62:  88%|████████▊ | 44/50 [01:46<00:14,  2.40s/it]
Task 2, Epoch 45/50 => Loss 2.408, Train_accy 98.72:  88%|████████▊ | 44/50 [01:48<00:14,  2.40s/it]
Task 2, Epoch 45/50 => Loss 2.408, Train_accy 98.72:  90%|█████████ | 45/50 [01:48<00:11,  2.33s/it]
Task 2, Epoch 46/50 => Loss 2.399, Train_accy 98.90, Test_accy 54.33:  90%|█████████ | 45/50 [01:51<00:11,  2.33s/it]
Task 2, Epoch 46/50 => Loss 2.399, Train_accy 98.90, Test_accy 54.33:  92%|█████████▏| 46/50 [01:51<00:09,  2.46s/it]
Task 2, Epoch 47/50 => Loss 2.397, Train_accy 98.71:  92%|█████████▏| 46/50 [01:53<00:09,  2.46s/it]                 
Task 2, Epoch 47/50 => Loss 2.397, Train_accy 98.71:  94%|█████████▍| 47/50 [01:53<00:07,  2.36s/it]
Task 2, Epoch 48/50 => Loss 2.400, Train_accy 98.78:  94%|█████████▍| 47/50 [01:56<00:07,  2.36s/it]
Task 2, Epoch 48/50 => Loss 2.400, Train_accy 98.78:  96%|█████████▌| 48/50 [01:56<00:04,  2.39s/it]
Task 2, Epoch 49/50 => Loss 2.405, Train_accy 98.87:  96%|█████████▌| 48/50 [01:58<00:04,  2.39s/it]
Task 2, Epoch 49/50 => Loss 2.405, Train_accy 98.87:  98%|█████████▊| 49/50 [01:58<00:02,  2.38s/it]
Task 2, Epoch 50/50 => Loss 2.400, Train_accy 98.74:  98%|█████████▊| 49/50 [02:00<00:02,  2.38s/it]
Task 2, Epoch 50/50 => Loss 2.400, Train_accy 98.74: 100%|██████████| 50/50 [02:00<00:00,  2.35s/it]
Task 2, Epoch 50/50 => Loss 2.400, Train_accy 98.74: 100%|██████████| 50/50 [02:00<00:00,  2.41s/it]

  0%|          | 0/50 [00:00<?, ?it/s]
Task 3, Epoch 1/50 => Loss 4.445, Train_accy 54.18, Test_accy 37.00:   0%|          | 0/50 [00:03<?, ?it/s]
Task 3, Epoch 1/50 => Loss 4.445, Train_accy 54.18, Test_accy 37.00:   2%|▏         | 1/50 [00:03<02:32,  3.11s/it]
Task 3, Epoch 2/50 => Loss 3.190, Train_accy 71.05:   2%|▏         | 1/50 [00:05<02:32,  3.11s/it]                 
Task 3, Epoch 2/50 => Loss 3.190, Train_accy 71.05:   4%|▍         | 2/50 [00:05<02:06,  2.63s/it]
Task 3, Epoch 3/50 => Loss 3.101, Train_accy 73.48:   4%|▍         | 2/50 [00:07<02:06,  2.63s/it]
Task 3, Epoch 3/50 => Loss 3.101, Train_accy 73.48:   6%|▌         | 3/50 [00:07<01:56,  2.49s/it]
Task 3, Epoch 4/50 => Loss 2.983, Train_accy 76.90:   6%|▌         | 3/50 [00:10<01:56,  2.49s/it]
Task 3, Epoch 4/50 => Loss 2.983, Train_accy 76.90:   8%|▊         | 4/50 [00:10<01:51,  2.42s/it]
Task 3, Epoch 5/50 => Loss 2.891, Train_accy 79.63:   8%|▊         | 4/50 [00:12<01:51,  2.42s/it]
Task 3, Epoch 5/50 => Loss 2.891, Train_accy 79.63:  10%|█         | 5/50 [00:12<01:47,  2.39s/it]
Task 3, Epoch 6/50 => Loss 2.854, Train_accy 80.59, Test_accy 40.17:  10%|█         | 5/50 [00:15<01:47,  2.39s/it]
Task 3, Epoch 6/50 => Loss 2.854, Train_accy 80.59, Test_accy 40.17:  12%|█▏        | 6/50 [00:15<01:54,  2.61s/it]
Task 3, Epoch 7/50 => Loss 2.809, Train_accy 81.35:  12%|█▏        | 6/50 [00:17<01:54,  2.61s/it]                 
Task 3, Epoch 7/50 => Loss 2.809, Train_accy 81.35:  14%|█▍        | 7/50 [00:17<01:47,  2.51s/it]
Task 3, Epoch 8/50 => Loss 2.783, Train_accy 82.66:  14%|█▍        | 7/50 [00:20<01:47,  2.51s/it]
Task 3, Epoch 8/50 => Loss 2.783, Train_accy 82.66:  16%|█▌        | 8/50 [00:20<01:43,  2.46s/it]
Task 3, Epoch 9/50 => Loss 2.760, Train_accy 84.08:  16%|█▌        | 8/50 [00:22<01:43,  2.46s/it]
Task 3, Epoch 9/50 => Loss 2.760, Train_accy 84.08:  18%|█▊        | 9/50 [00:22<01:38,  2.40s/it]
Task 3, Epoch 10/50 => Loss 2.749, Train_accy 84.44:  18%|█▊        | 9/50 [00:24<01:38,  2.40s/it]
Task 3, Epoch 10/50 => Loss 2.749, Train_accy 84.44:  20%|██        | 10/50 [00:24<01:34,  2.36s/it]
Task 3, Epoch 11/50 => Loss 2.742, Train_accy 84.66, Test_accy 42.54:  20%|██        | 10/50 [00:27<01:34,  2.36s/it]
Task 3, Epoch 11/50 => Loss 2.742, Train_accy 84.66, Test_accy 42.54:  22%|██▏       | 11/50 [00:27<01:38,  2.53s/it]
Task 3, Epoch 12/50 => Loss 2.692, Train_accy 86.01:  22%|██▏       | 11/50 [00:29<01:38,  2.53s/it]                 
Task 3, Epoch 12/50 => Loss 2.692, Train_accy 86.01:  24%|██▍       | 12/50 [00:29<01:35,  2.51s/it]
Task 3, Epoch 13/50 => Loss 2.660, Train_accy 86.57:  24%|██▍       | 12/50 [00:32<01:35,  2.51s/it]
Task 3, Epoch 13/50 => Loss 2.660, Train_accy 86.57:  26%|██▌       | 13/50 [00:32<01:30,  2.45s/it]
Task 3, Epoch 14/50 => Loss 2.665, Train_accy 86.97:  26%|██▌       | 13/50 [00:34<01:30,  2.45s/it]
Task 3, Epoch 14/50 => Loss 2.665, Train_accy 86.97:  28%|██▊       | 14/50 [00:34<01:25,  2.38s/it]
Task 3, Epoch 15/50 => Loss 2.655, Train_accy 87.47:  28%|██▊       | 14/50 [00:36<01:25,  2.38s/it]
Task 3, Epoch 15/50 => Loss 2.655, Train_accy 87.47:  30%|███       | 15/50 [00:36<01:21,  2.33s/it]
Task 3, Epoch 16/50 => Loss 2.643, Train_accy 87.37, Test_accy 37.67:  30%|███       | 15/50 [00:39<01:21,  2.33s/it]
Task 3, Epoch 16/50 => Loss 2.643, Train_accy 87.37, Test_accy 37.67:  32%|███▏      | 16/50 [00:39<01:25,  2.51s/it]
Task 3, Epoch 17/50 => Loss 2.620, Train_accy 88.03:  32%|███▏      | 16/50 [00:41<01:25,  2.51s/it]                 
Task 3, Epoch 17/50 => Loss 2.620, Train_accy 88.03:  34%|███▍      | 17/50 [00:41<01:18,  2.39s/it]
Task 3, Epoch 18/50 => Loss 2.613, Train_accy 88.84:  34%|███▍      | 17/50 [00:44<01:18,  2.39s/it]
Task 3, Epoch 18/50 => Loss 2.613, Train_accy 88.84:  36%|███▌      | 18/50 [00:44<01:16,  2.39s/it]
Task 3, Epoch 19/50 => Loss 2.618, Train_accy 88.66:  36%|███▌      | 18/50 [00:46<01:16,  2.39s/it]
Task 3, Epoch 19/50 => Loss 2.618, Train_accy 88.66:  38%|███▊      | 19/50 [00:46<01:15,  2.42s/it]
Task 3, Epoch 20/50 => Loss 2.624, Train_accy 88.69:  38%|███▊      | 19/50 [00:48<01:15,  2.42s/it]
Task 3, Epoch 20/50 => Loss 2.624, Train_accy 88.69:  40%|████      | 20/50 [00:48<01:11,  2.39s/it]
Task 3, Epoch 21/50 => Loss 2.454, Train_accy 93.72, Test_accy 46.92:  40%|████      | 20/50 [00:51<01:11,  2.39s/it]
Task 3, Epoch 21/50 => Loss 2.454, Train_accy 93.72, Test_accy 46.92:  42%|████▏     | 21/50 [00:51<01:14,  2.56s/it]
Task 3, Epoch 22/50 => Loss 2.363, Train_accy 95.93:  42%|████▏     | 21/50 [00:54<01:14,  2.56s/it]                 
Task 3, Epoch 22/50 => Loss 2.363, Train_accy 95.93:  44%|████▍     | 22/50 [00:54<01:08,  2.46s/it]
Task 3, Epoch 23/50 => Loss 2.359, Train_accy 95.73:  44%|████▍     | 22/50 [00:56<01:08,  2.46s/it]
Task 3, Epoch 23/50 => Loss 2.359, Train_accy 95.73:  46%|████▌     | 23/50 [00:56<01:05,  2.42s/it]
Task 3, Epoch 24/50 => Loss 2.319, Train_accy 96.97:  46%|████▌     | 23/50 [00:58<01:05,  2.42s/it]
Task 3, Epoch 24/50 => Loss 2.319, Train_accy 96.97:  48%|████▊     | 24/50 [00:58<01:01,  2.37s/it]
Task 3, Epoch 25/50 => Loss 2.308, Train_accy 96.91:  48%|████▊     | 24/50 [01:00<01:01,  2.37s/it]
Task 3, Epoch 25/50 => Loss 2.308, Train_accy 96.91:  50%|█████     | 25/50 [01:00<00:58,  2.33s/it]
Task 3, Epoch 26/50 => Loss 2.300, Train_accy 97.10, Test_accy 48.46:  50%|█████     | 25/50 [01:03<00:58,  2.33s/it]
Task 3, Epoch 26/50 => Loss 2.300, Train_accy 97.10, Test_accy 48.46:  52%|█████▏    | 26/50 [01:03<00:58,  2.44s/it]
Task 3, Epoch 27/50 => Loss 2.295, Train_accy 97.01:  52%|█████▏    | 26/50 [01:06<00:58,  2.44s/it]                 
Task 3, Epoch 27/50 => Loss 2.295, Train_accy 97.01:  54%|█████▍    | 27/50 [01:06<00:55,  2.42s/it]
Task 3, Epoch 28/50 => Loss 2.292, Train_accy 97.10:  54%|█████▍    | 27/50 [01:08<00:55,  2.42s/it]
Task 3, Epoch 28/50 => Loss 2.292, Train_accy 97.10:  56%|█████▌    | 28/50 [01:08<00:55,  2.50s/it]
Task 3, Epoch 29/50 => Loss 2.278, Train_accy 97.70:  56%|█████▌    | 28/50 [01:10<00:55,  2.50s/it]
Task 3, Epoch 29/50 => Loss 2.278, Train_accy 97.70:  58%|█████▊    | 29/50 [01:10<00:50,  2.41s/it]
Task 3, Epoch 30/50 => Loss 2.285, Train_accy 97.53:  58%|█████▊    | 29/50 [01:13<00:50,  2.41s/it]
Task 3, Epoch 30/50 => Loss 2.285, Train_accy 97.53:  60%|██████    | 30/50 [01:13<00:47,  2.36s/it]
Task 3, Epoch 31/50 => Loss 2.271, Train_accy 97.76, Test_accy 48.17:  60%|██████    | 30/50 [01:15<00:47,  2.36s/it]
Task 3, Epoch 31/50 => Loss 2.271, Train_accy 97.76, Test_accy 48.17:  62%|██████▏   | 31/50 [01:15<00:46,  2.42s/it]
Task 3, Epoch 32/50 => Loss 2.269, Train_accy 97.59:  62%|██████▏   | 31/50 [01:18<00:46,  2.42s/it]                 
Task 3, Epoch 32/50 => Loss 2.269, Train_accy 97.59:  64%|██████▍   | 32/50 [01:18<00:43,  2.41s/it]
Task 3, Epoch 33/50 => Loss 2.272, Train_accy 97.56:  64%|██████▍   | 32/50 [01:20<00:43,  2.41s/it]
Task 3, Epoch 33/50 => Loss 2.272, Train_accy 97.56:  66%|██████▌   | 33/50 [01:20<00:39,  2.35s/it]
Task 3, Epoch 34/50 => Loss 2.273, Train_accy 97.67:  66%|██████▌   | 33/50 [01:22<00:39,  2.35s/it]
Task 3, Epoch 34/50 => Loss 2.273, Train_accy 97.67:  68%|██████▊   | 34/50 [01:22<00:38,  2.42s/it]
Task 3, Epoch 35/50 => Loss 2.261, Train_accy 98.03:  68%|██████▊   | 34/50 [01:25<00:38,  2.42s/it]
Task 3, Epoch 35/50 => Loss 2.261, Train_accy 98.03:  70%|███████   | 35/50 [01:25<00:35,  2.38s/it]
Task 3, Epoch 36/50 => Loss 2.265, Train_accy 98.19, Test_accy 47.88:  70%|███████   | 35/50 [01:27<00:35,  2.38s/it]
Task 3, Epoch 36/50 => Loss 2.265, Train_accy 98.19, Test_accy 47.88:  72%|███████▏  | 36/50 [01:27<00:34,  2.49s/it]
Task 3, Epoch 37/50 => Loss 2.260, Train_accy 98.41:  72%|███████▏  | 36/50 [01:30<00:34,  2.49s/it]                 
Task 3, Epoch 37/50 => Loss 2.260, Train_accy 98.41:  74%|███████▍  | 37/50 [01:30<00:32,  2.47s/it]
Task 3, Epoch 38/50 => Loss 2.257, Train_accy 98.33:  74%|███████▍  | 37/50 [01:32<00:32,  2.47s/it]
Task 3, Epoch 38/50 => Loss 2.257, Train_accy 98.33:  76%|███████▌  | 38/50 [01:32<00:28,  2.35s/it]
Task 3, Epoch 39/50 => Loss 2.265, Train_accy 98.23:  76%|███████▌  | 38/50 [01:34<00:28,  2.35s/it]
Task 3, Epoch 39/50 => Loss 2.265, Train_accy 98.23:  78%|███████▊  | 39/50 [01:34<00:25,  2.34s/it]
Task 3, Epoch 40/50 => Loss 2.249, Train_accy 98.30:  78%|███████▊  | 39/50 [01:37<00:25,  2.34s/it]
Task 3, Epoch 40/50 => Loss 2.249, Train_accy 98.30:  80%|████████  | 40/50 [01:37<00:23,  2.36s/it]
Task 3, Epoch 41/50 => Loss 2.254, Train_accy 98.05, Test_accy 48.04:  80%|████████  | 40/50 [01:40<00:23,  2.36s/it]
Task 3, Epoch 41/50 => Loss 2.254, Train_accy 98.05, Test_accy 48.04:  82%|████████▏ | 41/50 [01:40<00:22,  2.55s/it]
Task 3, Epoch 42/50 => Loss 2.254, Train_accy 98.22:  82%|████████▏ | 41/50 [01:42<00:22,  2.55s/it]                 
Task 3, Epoch 42/50 => Loss 2.254, Train_accy 98.22:  84%|████████▍ | 42/50 [01:42<00:19,  2.45s/it]
Task 3, Epoch 43/50 => Loss 2.245, Train_accy 98.25:  84%|████████▍ | 42/50 [01:44<00:19,  2.45s/it]
Task 3, Epoch 43/50 => Loss 2.245, Train_accy 98.25:  86%|████████▌ | 43/50 [01:44<00:16,  2.38s/it]
Task 3, Epoch 44/50 => Loss 2.257, Train_accy 98.16:  86%|████████▌ | 43/50 [01:46<00:16,  2.38s/it]
Task 3, Epoch 44/50 => Loss 2.257, Train_accy 98.16:  88%|████████▊ | 44/50 [01:46<00:14,  2.36s/it]
Task 3, Epoch 45/50 => Loss 2.253, Train_accy 98.09:  88%|████████▊ | 44/50 [01:49<00:14,  2.36s/it]
Task 3, Epoch 45/50 => Loss 2.253, Train_accy 98.09:  90%|█████████ | 45/50 [01:49<00:11,  2.35s/it]
Task 3, Epoch 46/50 => Loss 2.255, Train_accy 98.46, Test_accy 47.67:  90%|█████████ | 45/50 [01:52<00:11,  2.35s/it]
Task 3, Epoch 46/50 => Loss 2.255, Train_accy 98.46, Test_accy 47.67:  92%|█████████▏| 46/50 [01:52<00:10,  2.54s/it]
Task 3, Epoch 47/50 => Loss 2.258, Train_accy 98.39:  92%|█████████▏| 46/50 [01:54<00:10,  2.54s/it]                 
Task 3, Epoch 47/50 => Loss 2.258, Train_accy 98.39:  94%|█████████▍| 47/50 [01:54<00:07,  2.43s/it]
Task 3, Epoch 48/50 => Loss 2.253, Train_accy 98.32:  94%|█████████▍| 47/50 [01:56<00:07,  2.43s/it]
Task 3, Epoch 48/50 => Loss 2.253, Train_accy 98.32:  96%|█████████▌| 48/50 [01:56<00:04,  2.41s/it]
Task 3, Epoch 49/50 => Loss 2.257, Train_accy 98.19:  96%|█████████▌| 48/50 [01:59<00:04,  2.41s/it]
Task 3, Epoch 49/50 => Loss 2.257, Train_accy 98.19:  98%|█████████▊| 49/50 [01:59<00:02,  2.41s/it]
Task 3, Epoch 50/50 => Loss 2.251, Train_accy 98.42:  98%|█████████▊| 49/50 [02:01<00:02,  2.41s/it]
Task 3, Epoch 50/50 => Loss 2.251, Train_accy 98.42: 100%|██████████| 50/50 [02:01<00:00,  2.41s/it]
Task 3, Epoch 50/50 => Loss 2.251, Train_accy 98.42: 100%|██████████| 50/50 [02:01<00:00,  2.43s/it]

  0%|          | 0/50 [00:00<?, ?it/s]
Task 4, Epoch 1/50 => Loss 4.470, Train_accy 55.34, Test_accy 30.33:   0%|          | 0/50 [00:02<?, ?it/s]
Task 4, Epoch 1/50 => Loss 4.470, Train_accy 55.34, Test_accy 30.33:   2%|▏         | 1/50 [00:02<02:19,  2.85s/it]
Task 4, Epoch 2/50 => Loss 3.356, Train_accy 72.70:   2%|▏         | 1/50 [00:05<02:19,  2.85s/it]                 
Task 4, Epoch 2/50 => Loss 3.356, Train_accy 72.70:   4%|▍         | 2/50 [00:05<01:58,  2.46s/it]
Task 4, Epoch 3/50 => Loss 3.191, Train_accy 77.07:   4%|▍         | 2/50 [00:07<01:58,  2.46s/it]
Task 4, Epoch 3/50 => Loss 3.191, Train_accy 77.07:   6%|▌         | 3/50 [00:07<01:53,  2.42s/it]
Task 4, Epoch 4/50 => Loss 3.058, Train_accy 80.64:   6%|▌         | 3/50 [00:09<01:53,  2.42s/it]
Task 4, Epoch 4/50 => Loss 3.058, Train_accy 80.64:   8%|▊         | 4/50 [00:09<01:47,  2.33s/it]
Task 4, Epoch 5/50 => Loss 2.972, Train_accy 82.84:   8%|▊         | 4/50 [00:12<01:47,  2.33s/it]
Task 4, Epoch 5/50 => Loss 2.972, Train_accy 82.84:  10%|█         | 5/50 [00:12<01:47,  2.38s/it]
Task 4, Epoch 6/50 => Loss 2.969, Train_accy 83.30, Test_accy 35.78:  10%|█         | 5/50 [00:15<01:47,  2.38s/it]
Task 4, Epoch 6/50 => Loss 2.969, Train_accy 83.30, Test_accy 35.78:  12%|█▏        | 6/50 [00:15<01:56,  2.65s/it]
Task 4, Epoch 7/50 => Loss 2.959, Train_accy 83.77:  12%|█▏        | 6/50 [00:17<01:56,  2.65s/it]                 
Task 4, Epoch 7/50 => Loss 2.959, Train_accy 83.77:  14%|█▍        | 7/50 [00:17<01:48,  2.52s/it]
Task 4, Epoch 8/50 => Loss 2.915, Train_accy 85.19:  14%|█▍        | 7/50 [00:19<01:48,  2.52s/it]
Task 4, Epoch 8/50 => Loss 2.915, Train_accy 85.19:  16%|█▌        | 8/50 [00:19<01:44,  2.49s/it]
Task 4, Epoch 9/50 => Loss 2.891, Train_accy 86.16:  16%|█▌        | 8/50 [00:22<01:44,  2.49s/it]
Task 4, Epoch 9/50 => Loss 2.891, Train_accy 86.16:  18%|█▊        | 9/50 [00:22<01:39,  2.42s/it]
Task 4, Epoch 10/50 => Loss 2.853, Train_accy 87.16:  18%|█▊        | 9/50 [00:24<01:39,  2.42s/it]
Task 4, Epoch 10/50 => Loss 2.853, Train_accy 87.16:  20%|██        | 10/50 [00:24<01:35,  2.40s/it]
Task 4, Epoch 11/50 => Loss 2.793, Train_accy 88.61, Test_accy 37.44:  20%|██        | 10/50 [00:27<01:35,  2.40s/it]
Task 4, Epoch 11/50 => Loss 2.793, Train_accy 88.61, Test_accy 37.44:  22%|██▏       | 11/50 [00:27<01:38,  2.52s/it]
Task 4, Epoch 12/50 => Loss 2.782, Train_accy 88.80:  22%|██▏       | 11/50 [00:29<01:38,  2.52s/it]                 
Task 4, Epoch 12/50 => Loss 2.782, Train_accy 88.80:  24%|██▍       | 12/50 [00:29<01:32,  2.45s/it]
Task 4, Epoch 13/50 => Loss 2.817, Train_accy 88.50:  24%|██▍       | 12/50 [00:31<01:32,  2.45s/it]
Task 4, Epoch 13/50 => Loss 2.817, Train_accy 88.50:  26%|██▌       | 13/50 [00:31<01:29,  2.41s/it]
Task 4, Epoch 14/50 => Loss 2.769, Train_accy 89.63:  26%|██▌       | 13/50 [00:33<01:29,  2.41s/it]
Task 4, Epoch 14/50 => Loss 2.769, Train_accy 89.63:  28%|██▊       | 14/50 [00:33<01:21,  2.27s/it]
Task 4, Epoch 15/50 => Loss 2.725, Train_accy 90.86:  28%|██▊       | 14/50 [00:36<01:21,  2.27s/it]
Task 4, Epoch 15/50 => Loss 2.725, Train_accy 90.86:  30%|███       | 15/50 [00:36<01:18,  2.23s/it]
Task 4, Epoch 16/50 => Loss 2.742, Train_accy 90.54, Test_accy 40.63:  30%|███       | 15/50 [00:38<01:18,  2.23s/it]
Task 4, Epoch 16/50 => Loss 2.742, Train_accy 90.54, Test_accy 40.63:  32%|███▏      | 16/50 [00:38<01:21,  2.40s/it]
Task 4, Epoch 17/50 => Loss 2.737, Train_accy 90.46:  32%|███▏      | 16/50 [00:40<01:21,  2.40s/it]                 
Task 4, Epoch 17/50 => Loss 2.737, Train_accy 90.46:  34%|███▍      | 17/50 [00:40<01:15,  2.30s/it]
Task 4, Epoch 18/50 => Loss 2.745, Train_accy 90.94:  34%|███▍      | 17/50 [00:42<01:15,  2.30s/it]
Task 4, Epoch 18/50 => Loss 2.745, Train_accy 90.94:  36%|███▌      | 18/50 [00:42<01:08,  2.15s/it]
Task 4, Epoch 19/50 => Loss 2.736, Train_accy 90.70:  36%|███▌      | 18/50 [00:44<01:08,  2.15s/it]
Task 4, Epoch 19/50 => Loss 2.736, Train_accy 90.70:  38%|███▊      | 19/50 [00:44<01:04,  2.08s/it]
Task 4, Epoch 20/50 => Loss 2.725, Train_accy 91.41:  38%|███▊      | 19/50 [00:46<01:04,  2.08s/it]
Task 4, Epoch 20/50 => Loss 2.725, Train_accy 91.41:  40%|████      | 20/50 [00:46<01:03,  2.13s/it]
Task 4, Epoch 21/50 => Loss 2.557, Train_accy 95.31, Test_accy 43.63:  40%|████      | 20/50 [00:49<01:03,  2.13s/it]
Task 4, Epoch 21/50 => Loss 2.557, Train_accy 95.31, Test_accy 43.63:  42%|████▏     | 21/50 [00:49<01:08,  2.35s/it]
Task 4, Epoch 22/50 => Loss 2.496, Train_accy 97.13:  42%|████▏     | 21/50 [00:51<01:08,  2.35s/it]                 
Task 4, Epoch 22/50 => Loss 2.496, Train_accy 97.13:  44%|████▍     | 22/50 [00:51<01:04,  2.31s/it]
Task 4, Epoch 23/50 => Loss 2.457, Train_accy 97.70:  44%|████▍     | 22/50 [00:54<01:04,  2.31s/it]
Task 4, Epoch 23/50 => Loss 2.457, Train_accy 97.70:  46%|████▌     | 23/50 [00:54<01:02,  2.31s/it]
Task 4, Epoch 24/50 => Loss 2.462, Train_accy 97.86:  46%|████▌     | 23/50 [00:56<01:02,  2.31s/it]
Task 4, Epoch 24/50 => Loss 2.462, Train_accy 97.86:  48%|████▊     | 24/50 [00:56<00:58,  2.25s/it]
Task 4, Epoch 25/50 => Loss 2.444, Train_accy 98.19:  48%|████▊     | 24/50 [00:58<00:58,  2.25s/it]
Task 4, Epoch 25/50 => Loss 2.444, Train_accy 98.19:  50%|█████     | 25/50 [00:58<00:57,  2.28s/it]
Task 4, Epoch 26/50 => Loss 2.441, Train_accy 98.20, Test_accy 43.11:  50%|█████     | 25/50 [01:01<00:57,  2.28s/it]
Task 4, Epoch 26/50 => Loss 2.441, Train_accy 98.20, Test_accy 43.11:  52%|█████▏    | 26/50 [01:01<00:58,  2.46s/it]
Task 4, Epoch 27/50 => Loss 2.425, Train_accy 98.26:  52%|█████▏    | 26/50 [01:03<00:58,  2.46s/it]                 
Task 4, Epoch 27/50 => Loss 2.425, Train_accy 98.26:  54%|█████▍    | 27/50 [01:03<00:53,  2.34s/it]
Task 4, Epoch 28/50 => Loss 2.430, Train_accy 98.39:  54%|█████▍    | 27/50 [01:05<00:53,  2.34s/it]
Task 4, Epoch 28/50 => Loss 2.430, Train_accy 98.39:  56%|█████▌    | 28/50 [01:05<00:51,  2.32s/it]
Task 4, Epoch 29/50 => Loss 2.423, Train_accy 98.53:  56%|█████▌    | 28/50 [01:07<00:51,  2.32s/it]
Task 4, Epoch 29/50 => Loss 2.423, Train_accy 98.53:  58%|█████▊    | 29/50 [01:07<00:46,  2.23s/it]
Task 4, Epoch 30/50 => Loss 2.416, Train_accy 98.67:  58%|█████▊    | 29/50 [01:10<00:46,  2.23s/it]
Task 4, Epoch 30/50 => Loss 2.416, Train_accy 98.67:  60%|██████    | 30/50 [01:10<00:45,  2.29s/it]
Task 4, Epoch 31/50 => Loss 2.411, Train_accy 98.74, Test_accy 42.67:  60%|██████    | 30/50 [01:13<00:45,  2.29s/it]
Task 4, Epoch 31/50 => Loss 2.411, Train_accy 98.74, Test_accy 42.67:  62%|██████▏   | 31/50 [01:13<00:45,  2.41s/it]
Task 4, Epoch 32/50 => Loss 2.403, Train_accy 98.59:  62%|██████▏   | 31/50 [01:15<00:45,  2.41s/it]                 
Task 4, Epoch 32/50 => Loss 2.403, Train_accy 98.59:  64%|██████▍   | 32/50 [01:15<00:42,  2.35s/it]
Task 4, Epoch 33/50 => Loss 2.405, Train_accy 98.76:  64%|██████▍   | 32/50 [01:17<00:42,  2.35s/it]
Task 4, Epoch 33/50 => Loss 2.405, Train_accy 98.76:  66%|██████▌   | 33/50 [01:17<00:39,  2.32s/it]
Task 4, Epoch 34/50 => Loss 2.403, Train_accy 98.70:  66%|██████▌   | 33/50 [01:19<00:39,  2.32s/it]
Task 4, Epoch 34/50 => Loss 2.403, Train_accy 98.70:  68%|██████▊   | 34/50 [01:19<00:36,  2.31s/it]
Task 4, Epoch 35/50 => Loss 2.408, Train_accy 98.80:  68%|██████▊   | 34/50 [01:21<00:36,  2.31s/it]
Task 4, Epoch 35/50 => Loss 2.408, Train_accy 98.80:  70%|███████   | 35/50 [01:21<00:34,  2.28s/it]
Task 4, Epoch 36/50 => Loss 2.402, Train_accy 98.84, Test_accy 42.48:  70%|███████   | 35/50 [01:24<00:34,  2.28s/it]
Task 4, Epoch 36/50 => Loss 2.402, Train_accy 98.84, Test_accy 42.48:  72%|███████▏  | 36/50 [01:24<00:33,  2.40s/it]
Task 4, Epoch 37/50 => Loss 2.405, Train_accy 98.70:  72%|███████▏  | 36/50 [01:27<00:33,  2.40s/it]                 
Task 4, Epoch 37/50 => Loss 2.405, Train_accy 98.70:  74%|███████▍  | 37/50 [01:27<00:31,  2.39s/it]
Task 4, Epoch 38/50 => Loss 2.394, Train_accy 98.94:  74%|███████▍  | 37/50 [01:29<00:31,  2.39s/it]
Task 4, Epoch 38/50 => Loss 2.394, Train_accy 98.94:  76%|███████▌  | 38/50 [01:29<00:27,  2.32s/it]
Task 4, Epoch 39/50 => Loss 2.394, Train_accy 98.86:  76%|███████▌  | 38/50 [01:31<00:27,  2.32s/it]
Task 4, Epoch 39/50 => Loss 2.394, Train_accy 98.86:  78%|███████▊  | 39/50 [01:31<00:24,  2.27s/it]
Task 4, Epoch 40/50 => Loss 2.396, Train_accy 98.84:  78%|███████▊  | 39/50 [01:33<00:24,  2.27s/it]
Task 4, Epoch 40/50 => Loss 2.396, Train_accy 98.84:  80%|████████  | 40/50 [01:33<00:22,  2.25s/it]
Task 4, Epoch 41/50 => Loss 2.397, Train_accy 99.06, Test_accy 42.93:  80%|████████  | 40/50 [01:36<00:22,  2.25s/it]
Task 4, Epoch 41/50 => Loss 2.397, Train_accy 99.06, Test_accy 42.93:  82%|████████▏ | 41/50 [01:36<00:21,  2.40s/it]
Task 4, Epoch 42/50 => Loss 2.393, Train_accy 98.97:  82%|████████▏ | 41/50 [01:38<00:21,  2.40s/it]                 
Task 4, Epoch 42/50 => Loss 2.393, Train_accy 98.97:  84%|████████▍ | 42/50 [01:38<00:19,  2.38s/it]
Task 4, Epoch 43/50 => Loss 2.396, Train_accy 98.93:  84%|████████▍ | 42/50 [01:40<00:19,  2.38s/it]
Task 4, Epoch 43/50 => Loss 2.396, Train_accy 98.93:  86%|████████▌ | 43/50 [01:40<00:16,  2.30s/it]
Task 4, Epoch 44/50 => Loss 2.393, Train_accy 99.14:  86%|████████▌ | 43/50 [01:43<00:16,  2.30s/it]
Task 4, Epoch 44/50 => Loss 2.393, Train_accy 99.14:  88%|████████▊ | 44/50 [01:43<00:13,  2.29s/it]
Task 4, Epoch 45/50 => Loss 2.397, Train_accy 98.86:  88%|████████▊ | 44/50 [01:45<00:13,  2.29s/it]
Task 4, Epoch 45/50 => Loss 2.397, Train_accy 98.86:  90%|█████████ | 45/50 [01:45<00:11,  2.24s/it]
Task 4, Epoch 46/50 => Loss 2.400, Train_accy 98.77, Test_accy 43.11:  90%|█████████ | 45/50 [01:47<00:11,  2.24s/it]
Task 4, Epoch 46/50 => Loss 2.400, Train_accy 98.77, Test_accy 43.11:  92%|█████████▏| 46/50 [01:47<00:09,  2.42s/it]
Task 4, Epoch 47/50 => Loss 2.393, Train_accy 99.07:  92%|█████████▏| 46/50 [01:50<00:09,  2.42s/it]                 
Task 4, Epoch 47/50 => Loss 2.393, Train_accy 99.07:  94%|█████████▍| 47/50 [01:50<00:07,  2.40s/it]
Task 4, Epoch 48/50 => Loss 2.390, Train_accy 99.11:  94%|█████████▍| 47/50 [01:52<00:07,  2.40s/it]
Task 4, Epoch 48/50 => Loss 2.390, Train_accy 99.11:  96%|█████████▌| 48/50 [01:52<00:04,  2.35s/it]
Task 4, Epoch 49/50 => Loss 2.383, Train_accy 99.13:  96%|█████████▌| 48/50 [01:54<00:04,  2.35s/it]
Task 4, Epoch 49/50 => Loss 2.383, Train_accy 99.13:  98%|█████████▊| 49/50 [01:54<00:02,  2.28s/it]
Task 4, Epoch 50/50 => Loss 2.387, Train_accy 99.11:  98%|█████████▊| 49/50 [01:56<00:02,  2.28s/it]
Task 4, Epoch 50/50 => Loss 2.387, Train_accy 99.11: 100%|██████████| 50/50 [01:56<00:00,  2.23s/it]
Task 4, Epoch 50/50 => Loss 2.387, Train_accy 99.11: 100%|██████████| 50/50 [01:56<00:00,  2.34s/it]

  0%|          | 0/50 [00:00<?, ?it/s]
Task 5, Epoch 1/50 => Loss 4.623, Train_accy 54.30, Test_accy 32.57:   0%|          | 0/50 [00:02<?, ?it/s]
Task 5, Epoch 1/50 => Loss 4.623, Train_accy 54.30, Test_accy 32.57:   2%|▏         | 1/50 [00:02<02:21,  2.89s/it]
Task 5, Epoch 2/50 => Loss 3.466, Train_accy 70.90:   2%|▏         | 1/50 [00:05<02:21,  2.89s/it]                 
Task 5, Epoch 2/50 => Loss 3.466, Train_accy 70.90:   4%|▍         | 2/50 [00:05<01:57,  2.45s/it]
Task 5, Epoch 3/50 => Loss 3.296, Train_accy 75.52:   4%|▍         | 2/50 [00:07<01:57,  2.45s/it]
Task 5, Epoch 3/50 => Loss 3.296, Train_accy 75.52:   6%|▌         | 3/50 [00:07<01:46,  2.28s/it]
Task 5, Epoch 4/50 => Loss 3.206, Train_accy 78.14:   6%|▌         | 3/50 [00:09<01:46,  2.28s/it]
Task 5, Epoch 4/50 => Loss 3.206, Train_accy 78.14:   8%|▊         | 4/50 [00:09<01:42,  2.24s/it]
Task 5, Epoch 5/50 => Loss 3.119, Train_accy 80.77:   8%|▊         | 4/50 [00:11<01:42,  2.24s/it]
Task 5, Epoch 5/50 => Loss 3.119, Train_accy 80.77:  10%|█         | 5/50 [00:11<01:39,  2.21s/it]
Task 5, Epoch 6/50 => Loss 3.056, Train_accy 82.41, Test_accy 35.90:  10%|█         | 5/50 [00:14<01:39,  2.21s/it]
Task 5, Epoch 6/50 => Loss 3.056, Train_accy 82.41, Test_accy 35.90:  12%|█▏        | 6/50 [00:14<01:47,  2.43s/it]
Task 5, Epoch 7/50 => Loss 3.061, Train_accy 82.87:  12%|█▏        | 6/50 [00:16<01:47,  2.43s/it]                 
Task 5, Epoch 7/50 => Loss 3.061, Train_accy 82.87:  14%|█▍        | 7/50 [00:16<01:43,  2.41s/it]
Task 5, Epoch 8/50 => Loss 3.058, Train_accy 83.01:  14%|█▍        | 7/50 [00:18<01:43,  2.41s/it]
Task 5, Epoch 8/50 => Loss 3.058, Train_accy 83.01:  16%|█▌        | 8/50 [00:18<01:38,  2.35s/it]
Task 5, Epoch 9/50 => Loss 3.011, Train_accy 84.51:  16%|█▌        | 8/50 [00:21<01:38,  2.35s/it]
Task 5, Epoch 9/50 => Loss 3.011, Train_accy 84.51:  18%|█▊        | 9/50 [00:21<01:35,  2.32s/it]
Task 5, Epoch 10/50 => Loss 2.971, Train_accy 85.24:  18%|█▊        | 9/50 [00:23<01:35,  2.32s/it]
Task 5, Epoch 10/50 => Loss 2.971, Train_accy 85.24:  20%|██        | 10/50 [00:23<01:28,  2.22s/it]
Task 5, Epoch 11/50 => Loss 2.950, Train_accy 86.91, Test_accy 38.17:  20%|██        | 10/50 [00:25<01:28,  2.22s/it]
Task 5, Epoch 11/50 => Loss 2.950, Train_accy 86.91, Test_accy 38.17:  22%|██▏       | 11/50 [00:25<01:34,  2.41s/it]
Task 5, Epoch 12/50 => Loss 2.924, Train_accy 87.34:  22%|██▏       | 11/50 [00:27<01:34,  2.41s/it]                 
Task 5, Epoch 12/50 => Loss 2.924, Train_accy 87.34:  24%|██▍       | 12/50 [00:27<01:26,  2.27s/it]
Task 5, Epoch 13/50 => Loss 2.919, Train_accy 86.99:  24%|██▍       | 12/50 [00:30<01:26,  2.27s/it]
Task 5, Epoch 13/50 => Loss 2.919, Train_accy 86.99:  26%|██▌       | 13/50 [00:30<01:23,  2.24s/it]
Task 5, Epoch 14/50 => Loss 2.958, Train_accy 86.26:  26%|██▌       | 13/50 [00:32<01:23,  2.24s/it]
Task 5, Epoch 14/50 => Loss 2.958, Train_accy 86.26:  28%|██▊       | 14/50 [00:32<01:20,  2.25s/it]
Task 5, Epoch 15/50 => Loss 2.879, Train_accy 88.27:  28%|██▊       | 14/50 [00:34<01:20,  2.25s/it]
Task 5, Epoch 15/50 => Loss 2.879, Train_accy 88.27:  30%|███       | 15/50 [00:34<01:18,  2.24s/it]
Task 5, Epoch 16/50 => Loss 2.853, Train_accy 89.43, Test_accy 35.87:  30%|███       | 15/50 [00:37<01:18,  2.24s/it]
Task 5, Epoch 16/50 => Loss 2.853, Train_accy 89.43, Test_accy 35.87:  32%|███▏      | 16/50 [00:37<01:19,  2.35s/it]
Task 5, Epoch 17/50 => Loss 2.831, Train_accy 90.43:  32%|███▏      | 16/50 [00:39<01:19,  2.35s/it]                 
Task 5, Epoch 17/50 => Loss 2.831, Train_accy 90.43:  34%|███▍      | 17/50 [00:39<01:15,  2.29s/it]
Task 5, Epoch 18/50 => Loss 2.860, Train_accy 89.57:  34%|███▍      | 17/50 [00:41<01:15,  2.29s/it]
Task 5, Epoch 18/50 => Loss 2.860, Train_accy 89.57:  36%|███▌      | 18/50 [00:41<01:13,  2.29s/it]
Task 5, Epoch 19/50 => Loss 2.815, Train_accy 90.44:  36%|███▌      | 18/50 [00:43<01:13,  2.29s/it]
Task 5, Epoch 19/50 => Loss 2.815, Train_accy 90.44:  38%|███▊      | 19/50 [00:43<01:08,  2.20s/it]
Task 5, Epoch 20/50 => Loss 2.770, Train_accy 91.86:  38%|███▊      | 19/50 [00:45<01:08,  2.20s/it]
Task 5, Epoch 20/50 => Loss 2.770, Train_accy 91.86:  40%|████      | 20/50 [00:45<01:06,  2.20s/it]
Task 5, Epoch 21/50 => Loss 2.631, Train_accy 95.27, Test_accy 41.63:  40%|████      | 20/50 [00:48<01:06,  2.20s/it]
Task 5, Epoch 21/50 => Loss 2.631, Train_accy 95.27, Test_accy 41.63:  42%|████▏     | 21/50 [00:48<01:10,  2.42s/it]
Task 5, Epoch 22/50 => Loss 2.563, Train_accy 96.83:  42%|████▏     | 21/50 [00:50<01:10,  2.42s/it]                 
Task 5, Epoch 22/50 => Loss 2.563, Train_accy 96.83:  44%|████▍     | 22/50 [00:50<01:05,  2.35s/it]
Task 5, Epoch 23/50 => Loss 2.547, Train_accy 97.35:  44%|████▍     | 22/50 [00:53<01:05,  2.35s/it]
Task 5, Epoch 23/50 => Loss 2.547, Train_accy 97.35:  46%|████▌     | 23/50 [00:53<01:01,  2.29s/it]
Task 5, Epoch 24/50 => Loss 2.533, Train_accy 97.69:  46%|████▌     | 23/50 [00:55<01:01,  2.29s/it]
Task 5, Epoch 24/50 => Loss 2.533, Train_accy 97.69:  48%|████▊     | 24/50 [00:55<00:58,  2.24s/it]
Task 5, Epoch 25/50 => Loss 2.515, Train_accy 98.02:  48%|████▊     | 24/50 [00:57<00:58,  2.24s/it]
Task 5, Epoch 25/50 => Loss 2.515, Train_accy 98.02:  50%|█████     | 25/50 [00:57<00:56,  2.25s/it]
Task 5, Epoch 26/50 => Loss 2.511, Train_accy 98.25, Test_accy 41.17:  50%|█████     | 25/50 [01:00<00:56,  2.25s/it]
Task 5, Epoch 26/50 => Loss 2.511, Train_accy 98.25, Test_accy 41.17:  52%|█████▏    | 26/50 [01:00<00:57,  2.40s/it]
Task 5, Epoch 27/50 => Loss 2.506, Train_accy 98.18:  52%|█████▏    | 26/50 [01:02<00:57,  2.40s/it]                 
Task 5, Epoch 27/50 => Loss 2.506, Train_accy 98.18:  54%|█████▍    | 27/50 [01:02<00:54,  2.36s/it]
Task 5, Epoch 28/50 => Loss 2.504, Train_accy 98.08:  54%|█████▍    | 27/50 [01:04<00:54,  2.36s/it]
Task 5, Epoch 28/50 => Loss 2.504, Train_accy 98.08:  56%|█████▌    | 28/50 [01:04<00:51,  2.33s/it]
Task 5, Epoch 29/50 => Loss 2.502, Train_accy 98.09:  56%|█████▌    | 28/50 [01:06<00:51,  2.33s/it]
Task 5, Epoch 29/50 => Loss 2.502, Train_accy 98.09:  58%|█████▊    | 29/50 [01:06<00:47,  2.27s/it]
Task 5, Epoch 30/50 => Loss 2.497, Train_accy 98.35:  58%|█████▊    | 29/50 [01:09<00:47,  2.27s/it]
Task 5, Epoch 30/50 => Loss 2.497, Train_accy 98.35:  60%|██████    | 30/50 [01:09<00:44,  2.25s/it]
Task 5, Epoch 31/50 => Loss 2.498, Train_accy 98.64, Test_accy 41.17:  60%|██████    | 30/50 [01:11<00:44,  2.25s/it]
Task 5, Epoch 31/50 => Loss 2.498, Train_accy 98.64, Test_accy 41.17:  62%|██████▏   | 31/50 [01:11<00:45,  2.37s/it]
Task 5, Epoch 32/50 => Loss 2.481, Train_accy 98.52:  62%|██████▏   | 31/50 [01:14<00:45,  2.37s/it]                 
Task 5, Epoch 32/50 => Loss 2.481, Train_accy 98.52:  64%|██████▍   | 32/50 [01:14<00:42,  2.38s/it]
Task 5, Epoch 33/50 => Loss 2.479, Train_accy 98.42:  64%|██████▍   | 32/50 [01:16<00:42,  2.38s/it]
Task 5, Epoch 33/50 => Loss 2.479, Train_accy 98.42:  66%|██████▌   | 33/50 [01:16<00:39,  2.32s/it]
Task 5, Epoch 34/50 => Loss 2.482, Train_accy 98.67:  66%|██████▌   | 33/50 [01:18<00:39,  2.32s/it]
Task 5, Epoch 34/50 => Loss 2.482, Train_accy 98.67:  68%|██████▊   | 34/50 [01:18<00:36,  2.30s/it]
Task 5, Epoch 35/50 => Loss 2.477, Train_accy 98.83:  68%|██████▊   | 34/50 [01:20<00:36,  2.30s/it]
Task 5, Epoch 35/50 => Loss 2.477, Train_accy 98.83:  70%|███████   | 35/50 [01:20<00:33,  2.22s/it]
Task 5, Epoch 36/50 => Loss 2.473, Train_accy 98.62, Test_accy 41.37:  70%|███████   | 35/50 [01:23<00:33,  2.22s/it]
Task 5, Epoch 36/50 => Loss 2.473, Train_accy 98.62, Test_accy 41.37:  72%|███████▏  | 36/50 [01:23<00:33,  2.38s/it]
Task 5, Epoch 37/50 => Loss 2.473, Train_accy 98.80:  72%|███████▏  | 36/50 [01:25<00:33,  2.38s/it]                 
Task 5, Epoch 37/50 => Loss 2.473, Train_accy 98.80:  74%|███████▍  | 37/50 [01:25<00:30,  2.35s/it]
Task 5, Epoch 38/50 => Loss 2.475, Train_accy 99.05:  74%|███████▍  | 37/50 [01:27<00:30,  2.35s/it]
Task 5, Epoch 38/50 => Loss 2.475, Train_accy 99.05:  76%|███████▌  | 38/50 [01:27<00:26,  2.24s/it]
Task 5, Epoch 39/50 => Loss 2.475, Train_accy 98.75:  76%|███████▌  | 38/50 [01:29<00:26,  2.24s/it]
Task 5, Epoch 39/50 => Loss 2.475, Train_accy 98.75:  78%|███████▊  | 39/50 [01:29<00:24,  2.24s/it]
Task 5, Epoch 40/50 => Loss 2.475, Train_accy 98.94:  78%|███████▊  | 39/50 [01:32<00:24,  2.24s/it]
Task 5, Epoch 40/50 => Loss 2.475, Train_accy 98.94:  80%|████████  | 40/50 [01:32<00:22,  2.25s/it]
Task 5, Epoch 41/50 => Loss 2.475, Train_accy 98.87, Test_accy 41.47:  80%|████████  | 40/50 [01:35<00:22,  2.25s/it]
Task 5, Epoch 41/50 => Loss 2.475, Train_accy 98.87, Test_accy 41.47:  82%|████████▏ | 41/50 [01:35<00:22,  2.45s/it]
Task 5, Epoch 42/50 => Loss 2.469, Train_accy 98.81:  82%|████████▏ | 41/50 [01:37<00:22,  2.45s/it]                 
Task 5, Epoch 42/50 => Loss 2.469, Train_accy 98.81:  84%|████████▍ | 42/50 [01:37<00:18,  2.33s/it]
Task 5, Epoch 43/50 => Loss 2.475, Train_accy 98.75:  84%|████████▍ | 42/50 [01:39<00:18,  2.33s/it]
Task 5, Epoch 43/50 => Loss 2.475, Train_accy 98.75:  86%|████████▌ | 43/50 [01:39<00:15,  2.28s/it]
Task 5, Epoch 44/50 => Loss 2.471, Train_accy 98.67:  86%|████████▌ | 43/50 [01:41<00:15,  2.28s/it]
Task 5, Epoch 44/50 => Loss 2.471, Train_accy 98.67:  88%|████████▊ | 44/50 [01:41<00:13,  2.25s/it]
Task 5, Epoch 45/50 => Loss 2.471, Train_accy 98.95:  88%|████████▊ | 44/50 [01:43<00:13,  2.25s/it]
Task 5, Epoch 45/50 => Loss 2.471, Train_accy 98.95:  90%|█████████ | 45/50 [01:43<00:11,  2.28s/it]
Task 5, Epoch 46/50 => Loss 2.459, Train_accy 98.85, Test_accy 41.60:  90%|█████████ | 45/50 [01:46<00:11,  2.28s/it]
Task 5, Epoch 46/50 => Loss 2.459, Train_accy 98.85, Test_accy 41.60:  92%|█████████▏| 46/50 [01:46<00:09,  2.43s/it]
Task 5, Epoch 47/50 => Loss 2.474, Train_accy 98.87:  92%|█████████▏| 46/50 [01:48<00:09,  2.43s/it]                 
Task 5, Epoch 47/50 => Loss 2.474, Train_accy 98.87:  94%|█████████▍| 47/50 [01:48<00:07,  2.40s/it]
Task 5, Epoch 48/50 => Loss 2.468, Train_accy 98.93:  94%|█████████▍| 47/50 [01:51<00:07,  2.40s/it]
Task 5, Epoch 48/50 => Loss 2.468, Train_accy 98.93:  96%|█████████▌| 48/50 [01:51<00:04,  2.32s/it]
Task 5, Epoch 49/50 => Loss 2.464, Train_accy 99.04:  96%|█████████▌| 48/50 [01:53<00:04,  2.32s/it]
Task 5, Epoch 49/50 => Loss 2.464, Train_accy 99.04:  98%|█████████▊| 49/50 [01:53<00:02,  2.31s/it]
Task 5, Epoch 50/50 => Loss 2.462, Train_accy 98.95:  98%|█████████▊| 49/50 [01:55<00:02,  2.31s/it]
Task 5, Epoch 50/50 => Loss 2.462, Train_accy 98.95: 100%|██████████| 50/50 [01:55<00:00,  2.25s/it]
Task 5, Epoch 50/50 => Loss 2.462, Train_accy 98.95: 100%|██████████| 50/50 [01:55<00:00,  2.31s/it]
